Analysis & Synthesis report for Neander
Wed Dec 03 14:01:22 2025
Quartus II 64-Bit Version 13.1.0 Build 162 10/23/2013 SJ Web Edition


---------------------
; Table of Contents ;
---------------------
  1. Legal Notice
  2. Analysis & Synthesis Summary
  3. Analysis & Synthesis Settings
  4. Parallel Compilation
  5. Analysis & Synthesis Source Files Read
  6. Analysis & Synthesis Resource Usage Summary
  7. Analysis & Synthesis Resource Utilization by Entity
  8. Analysis & Synthesis RAM Summary
  9. Registers Removed During Synthesis
 10. General Register Statistics
 11. Registers Packed Into Inferred Megafunctions
 12. Multiplexer Restructuring Statistics (Restructuring Performed)
 13. Source assignments for ROM:inst13|altsyncram:Mux7_rtl_0|altsyncram_8hv:auto_generated
 14. Parameter Settings for Inferred Entity Instance: ROM:inst13|altsyncram:Mux7_rtl_0
 15. altsyncram Parameter Settings by Entity Instance
 16. Elapsed Time Per Partition
 17. Analysis & Synthesis Messages



----------------
; Legal Notice ;
----------------
Copyright (C) 1991-2013 Altera Corporation
Your use of Altera Corporation's design tools, logic functions 
and other software and tools, and its AMPP partner logic 
functions, and any output files from any of the foregoing 
(including device programming or simulation files), and any 
associated documentation or information are expressly subject 
to the terms and conditions of the Altera Program License 
Subscription Agreement, Altera MegaCore Function License 
Agreement, or other applicable license agreement, including, 
without limitation, that your use is for the sole purpose of 
programming logic devices manufactured by Altera and sold by 
Altera or its authorized distributors.  Please refer to the 
applicable agreement for further details.



+---------------------------------------------------------------------------------+
; Analysis & Synthesis Summary                                                    ;
+------------------------------------+--------------------------------------------+
; Analysis & Synthesis Status        ; Successful - Wed Dec 03 14:01:22 2025      ;
; Quartus II 64-Bit Version          ; 13.1.0 Build 162 10/23/2013 SJ Web Edition ;
; Revision Name                      ; Neander                                    ;
; Top-level Entity Name              ; neander                                    ;
; Family                             ; Cyclone III                                ;
; Total logic elements               ; 196                                        ;
;     Total combinational functions  ; 175                                        ;
;     Dedicated logic registers      ; 82                                         ;
; Total registers                    ; 82                                         ;
; Total pins                         ; 35                                         ;
; Total virtual pins                 ; 0                                          ;
; Total memory bits                  ; 2,048                                      ;
; Embedded Multiplier 9-bit elements ; 0                                          ;
; Total PLLs                         ; 0                                          ;
+------------------------------------+--------------------------------------------+


+----------------------------------------------------------------------------------------------------------------------+
; Analysis & Synthesis Settings                                                                                        ;
+----------------------------------------------------------------------------+--------------------+--------------------+
; Option                                                                     ; Setting            ; Default Value      ;
+----------------------------------------------------------------------------+--------------------+--------------------+
; Device                                                                     ; EP3C16F484C6       ;                    ;
; Top-level entity name                                                      ; neander            ; Neander            ;
; Family name                                                                ; Cyclone III        ; Cyclone IV GX      ;
; Use smart compilation                                                      ; Off                ; Off                ;
; Enable parallel Assembler and TimeQuest Timing Analyzer during compilation ; On                 ; On                 ;
; Enable compact report table                                                ; Off                ; Off                ;
; Restructure Multiplexers                                                   ; Auto               ; Auto               ;
; Create Debugging Nodes for IP Cores                                        ; Off                ; Off                ;
; Preserve fewer node names                                                  ; On                 ; On                 ;
; Disable OpenCore Plus hardware evaluation                                  ; Off                ; Off                ;
; Verilog Version                                                            ; Verilog_2001       ; Verilog_2001       ;
; VHDL Version                                                               ; VHDL_1993          ; VHDL_1993          ;
; State Machine Processing                                                   ; Auto               ; Auto               ;
; Safe State Machine                                                         ; Off                ; Off                ;
; Extract Verilog State Machines                                             ; On                 ; On                 ;
; Extract VHDL State Machines                                                ; On                 ; On                 ;
; Ignore Verilog initial constructs                                          ; Off                ; Off                ;
; Iteration limit for constant Verilog loops                                 ; 5000               ; 5000               ;
; Iteration limit for non-constant Verilog loops                             ; 250                ; 250                ;
; Add Pass-Through Logic to Inferred RAMs                                    ; On                 ; On                 ;
; Infer RAMs from Raw Logic                                                  ; On                 ; On                 ;
; Parallel Synthesis                                                         ; On                 ; On                 ;
; DSP Block Balancing                                                        ; Auto               ; Auto               ;
; NOT Gate Push-Back                                                         ; On                 ; On                 ;
; Power-Up Don't Care                                                        ; On                 ; On                 ;
; Remove Redundant Logic Cells                                               ; Off                ; Off                ;
; Remove Duplicate Registers                                                 ; On                 ; On                 ;
; Ignore CARRY Buffers                                                       ; Off                ; Off                ;
; Ignore CASCADE Buffers                                                     ; Off                ; Off                ;
; Ignore GLOBAL Buffers                                                      ; Off                ; Off                ;
; Ignore ROW GLOBAL Buffers                                                  ; Off                ; Off                ;
; Ignore LCELL Buffers                                                       ; Off                ; Off                ;
; Ignore SOFT Buffers                                                        ; On                 ; On                 ;
; Limit AHDL Integers to 32 Bits                                             ; Off                ; Off                ;
; Optimization Technique                                                     ; Balanced           ; Balanced           ;
; Carry Chain Length                                                         ; 70                 ; 70                 ;
; Auto Carry Chains                                                          ; On                 ; On                 ;
; Auto Open-Drain Pins                                                       ; On                 ; On                 ;
; Perform WYSIWYG Primitive Resynthesis                                      ; Off                ; Off                ;
; Auto ROM Replacement                                                       ; On                 ; On                 ;
; Auto RAM Replacement                                                       ; On                 ; On                 ;
; Auto DSP Block Replacement                                                 ; On                 ; On                 ;
; Auto Shift Register Replacement                                            ; Auto               ; Auto               ;
; Allow Shift Register Merging across Hierarchies                            ; Auto               ; Auto               ;
; Auto Clock Enable Replacement                                              ; On                 ; On                 ;
; Strict RAM Replacement                                                     ; Off                ; Off                ;
; Allow Synchronous Control Signals                                          ; On                 ; On                 ;
; Force Use of Synchronous Clear Signals                                     ; Off                ; Off                ;
; Auto RAM Block Balancing                                                   ; On                 ; On                 ;
; Auto RAM to Logic Cell Conversion                                          ; Off                ; Off                ;
; Auto Resource Sharing                                                      ; Off                ; Off                ;
; Allow Any RAM Size For Recognition                                         ; Off                ; Off                ;
; Allow Any ROM Size For Recognition                                         ; Off                ; Off                ;
; Allow Any Shift Register Size For Recognition                              ; Off                ; Off                ;
; Use LogicLock Constraints during Resource Balancing                        ; On                 ; On                 ;
; Ignore translate_off and synthesis_off directives                          ; Off                ; Off                ;
; Timing-Driven Synthesis                                                    ; On                 ; On                 ;
; Report Parameter Settings                                                  ; On                 ; On                 ;
; Report Source Assignments                                                  ; On                 ; On                 ;
; Report Connectivity Checks                                                 ; On                 ; On                 ;
; Ignore Maximum Fan-Out Assignments                                         ; Off                ; Off                ;
; Synchronization Register Chain Length                                      ; 2                  ; 2                  ;
; PowerPlay Power Optimization                                               ; Normal compilation ; Normal compilation ;
; HDL message level                                                          ; Level2             ; Level2             ;
; Suppress Register Optimization Related Messages                            ; Off                ; Off                ;
; Number of Removed Registers Reported in Synthesis Report                   ; 5000               ; 5000               ;
; Number of Swept Nodes Reported in Synthesis Report                         ; 5000               ; 5000               ;
; Number of Inverted Registers Reported in Synthesis Report                  ; 100                ; 100                ;
; Clock MUX Protection                                                       ; On                 ; On                 ;
; Auto Gated Clock Conversion                                                ; Off                ; Off                ;
; Block Design Naming                                                        ; Auto               ; Auto               ;
; SDC constraint protection                                                  ; Off                ; Off                ;
; Synthesis Effort                                                           ; Auto               ; Auto               ;
; Shift Register Replacement - Allow Asynchronous Clear Signal               ; On                 ; On                 ;
; Pre-Mapping Resynthesis Optimization                                       ; Off                ; Off                ;
; Analysis & Synthesis Message Level                                         ; Medium             ; Medium             ;
; Disable Register Merging Across Hierarchies                                ; Auto               ; Auto               ;
; Resource Aware Inference For Block RAM                                     ; On                 ; On                 ;
; Synthesis Seed                                                             ; 1                  ; 1                  ;
+----------------------------------------------------------------------------+--------------------+--------------------+


Parallel compilation was disabled, but you have multiple processors available. Enable parallel compilation to reduce compilation time.
+-------------------------------------+
; Parallel Compilation                ;
+----------------------------+--------+
; Processors                 ; Number ;
+----------------------------+--------+
; Number detected on machine ; 4      ;
; Maximum allowed            ; 1      ;
+----------------------------+--------+


+--------------------------------------------------------------------------------------------------------------------------------------------------------------------------+
; Analysis & Synthesis Source Files Read                                                                                                                                   ;
+----------------------------------+-----------------+------------------------------------+----------------------------------------------------------------------+---------+
; File Name with User-Entered Path ; Used in Netlist ; File Type                          ; File Name with Absolute Path                                         ; Library ;
+----------------------------------+-----------------+------------------------------------+----------------------------------------------------------------------+---------+
; ROM_Neander.vhd                  ; yes             ; User VHDL File                     ; C:/Users/aluno/Downloads/trabalho/ROM_Neander.vhd                    ;         ;
; UALY.bdf                         ; yes             ; User Block Diagram/Schematic File  ; C:/Users/aluno/Downloads/trabalho/UALY.bdf                           ;         ;
; UALOR.bdf                        ; yes             ; User Block Diagram/Schematic File  ; C:/Users/aluno/Downloads/trabalho/UALOR.bdf                          ;         ;
; UALNOT.bdf                       ; yes             ; User Block Diagram/Schematic File  ; C:/Users/aluno/Downloads/trabalho/UALNOT.bdf                         ;         ;
; UALAND.bdf                       ; yes             ; User Block Diagram/Schematic File  ; C:/Users/aluno/Downloads/trabalho/UALAND.bdf                         ;         ;
; UALADD.bdf                       ; yes             ; User Block Diagram/Schematic File  ; C:/Users/aluno/Downloads/trabalho/UALADD.bdf                         ;         ;
; Write.bdf                        ; yes             ; User Block Diagram/Schematic File  ; C:/Users/aluno/Downloads/trabalho/Write.bdf                          ;         ;
; UC.bdf                           ; yes             ; User Block Diagram/Schematic File  ; C:/Users/aluno/Downloads/trabalho/UC.bdf                             ;         ;
; sel.bdf                          ; yes             ; User Block Diagram/Schematic File  ; C:/Users/aluno/Downloads/trabalho/sel.bdf                            ;         ;
; Read.bdf                         ; yes             ; User Block Diagram/Schematic File  ; C:/Users/aluno/Downloads/trabalho/Read.bdf                           ;         ;
; IncrementaPC.bdf                 ; yes             ; User Block Diagram/Schematic File  ; C:/Users/aluno/Downloads/trabalho/IncrementaPC.bdf                   ;         ;
; gotot0.bdf                       ; yes             ; User Block Diagram/Schematic File  ; C:/Users/aluno/Downloads/trabalho/gotot0.bdf                         ;         ;
; cargaRI.bdf                      ; yes             ; User Block Diagram/Schematic File  ; C:/Users/aluno/Downloads/trabalho/cargaRI.bdf                        ;         ;
; CargaREM.bdf                     ; yes             ; User Block Diagram/Schematic File  ; C:/Users/aluno/Downloads/trabalho/CargaREM.bdf                       ;         ;
; cargaRDM.bdf                     ; yes             ; User Block Diagram/Schematic File  ; C:/Users/aluno/Downloads/trabalho/cargaRDM.bdf                       ;         ;
; CargaPC.bdf                      ; yes             ; User Block Diagram/Schematic File  ; C:/Users/aluno/Downloads/trabalho/CargaPC.bdf                        ;         ;
; CargaAC.bdf                      ; yes             ; User Block Diagram/Schematic File  ; C:/Users/aluno/Downloads/trabalho/CargaAC.bdf                        ;         ;
; zero.bdf                         ; yes             ; User Block Diagram/Schematic File  ; C:/Users/aluno/Downloads/trabalho/zero.bdf                           ;         ;
; ULA.bdf                          ; yes             ; User Block Diagram/Schematic File  ; C:/Users/aluno/Downloads/trabalho/ULA.bdf                            ;         ;
; runstep.bdf                      ; yes             ; User Block Diagram/Schematic File  ; C:/Users/aluno/Downloads/trabalho/runstep.bdf                        ;         ;
; RCA8b.bdf                        ; yes             ; User Block Diagram/Schematic File  ; C:/Users/aluno/Downloads/trabalho/RCA8b.bdf                          ;         ;
; OR8b.bdf                         ; yes             ; User Block Diagram/Schematic File  ; C:/Users/aluno/Downloads/trabalho/OR8b.bdf                           ;         ;
; NOT8b.bdf                        ; yes             ; User Block Diagram/Schematic File  ; C:/Users/aluno/Downloads/trabalho/NOT8b.bdf                          ;         ;
; NEG.bdf                          ; yes             ; User Block Diagram/Schematic File  ; C:/Users/aluno/Downloads/trabalho/NEG.bdf                            ;         ;
; Neander.bdf                      ; yes             ; User Block Diagram/Schematic File  ; C:/Users/aluno/Downloads/trabalho/Neander.bdf                        ;         ;
; MUX2b1b.bdf                      ; yes             ; User Block Diagram/Schematic File  ; C:/Users/aluno/Downloads/trabalho/MUX2b1b.bdf                        ;         ;
; MUX16b8b.bdf                     ; yes             ; User Block Diagram/Schematic File  ; C:/Users/aluno/Downloads/trabalho/MUX16b8b.bdf                       ;         ;
; FullAdder.bdf                    ; yes             ; User Block Diagram/Schematic File  ; C:/Users/aluno/Downloads/trabalho/FullAdder.bdf                      ;         ;
; DivClock.bdf                     ; yes             ; User Block Diagram/Schematic File  ; C:/Users/aluno/Downloads/trabalho/DivClock.bdf                       ;         ;
; displayG.bdf                     ; yes             ; User Block Diagram/Schematic File  ; C:/Users/aluno/Downloads/trabalho/displayG.bdf                       ;         ;
; displayF.bdf                     ; yes             ; User Block Diagram/Schematic File  ; C:/Users/aluno/Downloads/trabalho/displayF.bdf                       ;         ;
; displayE.bdf                     ; yes             ; User Block Diagram/Schematic File  ; C:/Users/aluno/Downloads/trabalho/displayE.bdf                       ;         ;
; displayD.bdf                     ; yes             ; User Block Diagram/Schematic File  ; C:/Users/aluno/Downloads/trabalho/displayD.bdf                       ;         ;
; displayC.bdf                     ; yes             ; User Block Diagram/Schematic File  ; C:/Users/aluno/Downloads/trabalho/displayC.bdf                       ;         ;
; displayB.bdf                     ; yes             ; User Block Diagram/Schematic File  ; C:/Users/aluno/Downloads/trabalho/displayB.bdf                       ;         ;
; displayA.bdf                     ; yes             ; User Block Diagram/Schematic File  ; C:/Users/aluno/Downloads/trabalho/displayA.bdf                       ;         ;
; DECOD4b16b.bdf                   ; yes             ; User Block Diagram/Schematic File  ; C:/Users/aluno/Downloads/trabalho/DECOD4b16b.bdf                     ;         ;
; CODULA8b3b.bdf                   ; yes             ; User Block Diagram/Schematic File  ; C:/Users/aluno/Downloads/trabalho/CODULA8b3b.bdf                     ;         ;
; BCDConverter.bdf                 ; yes             ; User Block Diagram/Schematic File  ; C:/Users/aluno/Downloads/trabalho/BCDConverter.bdf                   ;         ;
; AND8b.bdf                        ; yes             ; User Block Diagram/Schematic File  ; C:/Users/aluno/Downloads/trabalho/AND8b.bdf                          ;         ;
; CONT3b.bdf                       ; yes             ; User Block Diagram/Schematic File  ; C:/Users/aluno/Downloads/trabalho/CONT3b.bdf                         ;         ;
; TEMPORIZADOR.bdf                 ; yes             ; User Block Diagram/Schematic File  ; C:/Users/aluno/Downloads/trabalho/TEMPORIZADOR.bdf                   ;         ;
; DECOD3b8b.bdf                    ; yes             ; User Block Diagram/Schematic File  ; C:/Users/aluno/Downloads/trabalho/DECOD3b8b.bdf                      ;         ;
; PC.bdf                           ; yes             ; User Block Diagram/Schematic File  ; C:/Users/aluno/Downloads/trabalho/PC.bdf                             ;         ;
; register1b.bdf                   ; yes             ; User Block Diagram/Schematic File  ; C:/Users/aluno/Downloads/trabalho/register1b.bdf                     ;         ;
; UnidadeControle.bdf              ; yes             ; User Block Diagram/Schematic File  ; C:/Users/aluno/Downloads/trabalho/UnidadeControle.bdf                ;         ;
; register8b.bdf                   ; yes             ; User Block Diagram/Schematic File  ; C:/Users/aluno/Downloads/trabalho/register8b.bdf                     ;         ;
; MUX3b1b.bdf                      ; yes             ; User Block Diagram/Schematic File  ; C:/Users/aluno/Downloads/trabalho/MUX3b1b.bdf                        ;         ;
; altsyncram.tdf                   ; yes             ; Megafunction                       ; c:/altera/13.1/quartus/libraries/megafunctions/altsyncram.tdf        ;         ;
; stratix_ram_block.inc            ; yes             ; Megafunction                       ; c:/altera/13.1/quartus/libraries/megafunctions/stratix_ram_block.inc ;         ;
; lpm_mux.inc                      ; yes             ; Megafunction                       ; c:/altera/13.1/quartus/libraries/megafunctions/lpm_mux.inc           ;         ;
; lpm_decode.inc                   ; yes             ; Megafunction                       ; c:/altera/13.1/quartus/libraries/megafunctions/lpm_decode.inc        ;         ;
; aglobal131.inc                   ; yes             ; Megafunction                       ; c:/altera/13.1/quartus/libraries/megafunctions/aglobal131.inc        ;         ;
; a_rdenreg.inc                    ; yes             ; Megafunction                       ; c:/altera/13.1/quartus/libraries/megafunctions/a_rdenreg.inc         ;         ;
; altrom.inc                       ; yes             ; Megafunction                       ; c:/altera/13.1/quartus/libraries/megafunctions/altrom.inc            ;         ;
; altram.inc                       ; yes             ; Megafunction                       ; c:/altera/13.1/quartus/libraries/megafunctions/altram.inc            ;         ;
; altdpram.inc                     ; yes             ; Megafunction                       ; c:/altera/13.1/quartus/libraries/megafunctions/altdpram.inc          ;         ;
; db/altsyncram_8hv.tdf            ; yes             ; Auto-Generated Megafunction        ; C:/Users/aluno/Downloads/trabalho/db/altsyncram_8hv.tdf              ;         ;
+----------------------------------+-----------------+------------------------------------+----------------------------------------------------------------------+---------+


+-----------------------------------------------------------+
; Analysis & Synthesis Resource Usage Summary               ;
+---------------------------------------------+-------------+
; Resource                                    ; Usage       ;
+---------------------------------------------+-------------+
; Estimated Total logic elements              ; 196         ;
;                                             ;             ;
; Total combinational functions               ; 175         ;
; Logic element usage by number of LUT inputs ;             ;
;     -- 4 input functions                    ; 99          ;
;     -- 3 input functions                    ; 46          ;
;     -- <=2 input functions                  ; 30          ;
;                                             ;             ;
; Logic elements by mode                      ;             ;
;     -- normal mode                          ; 175         ;
;     -- arithmetic mode                      ; 0           ;
;                                             ;             ;
; Total registers                             ; 82          ;
;     -- Dedicated logic registers            ; 82          ;
;     -- I/O registers                        ; 0           ;
;                                             ;             ;
; I/O pins                                    ; 35          ;
; Total memory bits                           ; 2048        ;
; Embedded Multiplier 9-bit elements          ; 0           ;
; Maximum fan-out node                        ; reset~input ;
; Maximum fan-out                             ; 70          ;
; Total fan-out                               ; 988         ;
; Average fan-out                             ; 2.95        ;
+---------------------------------------------+-------------+


+--------------------------------------------------------------------------------------------------------------------------------------------------------------------------------------------------------------------------------------------------+
; Analysis & Synthesis Resource Utilization by Entity                                                                                                                                                                                              ;
+------------------------------------------+-------------------+--------------+-------------+--------------+---------+-----------+------+--------------+----------------------------------------------------------------------------+--------------+
; Compilation Hierarchy Node               ; LC Combinationals ; LC Registers ; Memory Bits ; DSP Elements ; DSP 9x9 ; DSP 18x18 ; Pins ; Virtual Pins ; Full Hierarchy Name                                                        ; Library Name ;
+------------------------------------------+-------------------+--------------+-------------+--------------+---------+-----------+------+--------------+----------------------------------------------------------------------------+--------------+
; |neander                                 ; 175 (1)           ; 82 (0)       ; 2048        ; 0            ; 0       ; 0         ; 35   ; 0            ; |neander                                                                   ; work         ;
;    |BCDConverter:inst12|                 ; 7 (0)             ; 0 (0)        ; 0           ; 0            ; 0       ; 0         ; 0    ; 0            ; |neander|BCDConverter:inst12                                               ; work         ;
;       |displayA:inst4|                   ; 1 (1)             ; 0 (0)        ; 0           ; 0            ; 0       ; 0         ; 0    ; 0            ; |neander|BCDConverter:inst12|displayA:inst4                                ; work         ;
;       |displayB:inst1|                   ; 1 (1)             ; 0 (0)        ; 0           ; 0            ; 0       ; 0         ; 0    ; 0            ; |neander|BCDConverter:inst12|displayB:inst1                                ; work         ;
;       |displayC:inst2|                   ; 1 (1)             ; 0 (0)        ; 0           ; 0            ; 0       ; 0         ; 0    ; 0            ; |neander|BCDConverter:inst12|displayC:inst2                                ; work         ;
;       |displayD:inst3|                   ; 1 (1)             ; 0 (0)        ; 0           ; 0            ; 0       ; 0         ; 0    ; 0            ; |neander|BCDConverter:inst12|displayD:inst3                                ; work         ;
;       |displayE:inst6|                   ; 1 (1)             ; 0 (0)        ; 0           ; 0            ; 0       ; 0         ; 0    ; 0            ; |neander|BCDConverter:inst12|displayE:inst6                                ; work         ;
;       |displayF:inst8|                   ; 1 (1)             ; 0 (0)        ; 0           ; 0            ; 0       ; 0         ; 0    ; 0            ; |neander|BCDConverter:inst12|displayF:inst8                                ; work         ;
;       |displayG:inst0|                   ; 1 (1)             ; 0 (0)        ; 0           ; 0            ; 0       ; 0         ; 0    ; 0            ; |neander|BCDConverter:inst12|displayG:inst0                                ; work         ;
;    |BCDConverter:inst14|                 ; 7 (0)             ; 0 (0)        ; 0           ; 0            ; 0       ; 0         ; 0    ; 0            ; |neander|BCDConverter:inst14                                               ; work         ;
;       |displayA:inst4|                   ; 1 (1)             ; 0 (0)        ; 0           ; 0            ; 0       ; 0         ; 0    ; 0            ; |neander|BCDConverter:inst14|displayA:inst4                                ; work         ;
;       |displayB:inst1|                   ; 1 (1)             ; 0 (0)        ; 0           ; 0            ; 0       ; 0         ; 0    ; 0            ; |neander|BCDConverter:inst14|displayB:inst1                                ; work         ;
;       |displayC:inst2|                   ; 1 (1)             ; 0 (0)        ; 0           ; 0            ; 0       ; 0         ; 0    ; 0            ; |neander|BCDConverter:inst14|displayC:inst2                                ; work         ;
;       |displayD:inst3|                   ; 1 (1)             ; 0 (0)        ; 0           ; 0            ; 0       ; 0         ; 0    ; 0            ; |neander|BCDConverter:inst14|displayD:inst3                                ; work         ;
;       |displayE:inst6|                   ; 1 (1)             ; 0 (0)        ; 0           ; 0            ; 0       ; 0         ; 0    ; 0            ; |neander|BCDConverter:inst14|displayE:inst6                                ; work         ;
;       |displayF:inst8|                   ; 1 (1)             ; 0 (0)        ; 0           ; 0            ; 0       ; 0         ; 0    ; 0            ; |neander|BCDConverter:inst14|displayF:inst8                                ; work         ;
;       |displayG:inst0|                   ; 1 (1)             ; 0 (0)        ; 0           ; 0            ; 0       ; 0         ; 0    ; 0            ; |neander|BCDConverter:inst14|displayG:inst0                                ; work         ;
;    |BCDConverter:inst15|                 ; 7 (0)             ; 0 (0)        ; 0           ; 0            ; 0       ; 0         ; 0    ; 0            ; |neander|BCDConverter:inst15                                               ; work         ;
;       |displayA:inst4|                   ; 1 (1)             ; 0 (0)        ; 0           ; 0            ; 0       ; 0         ; 0    ; 0            ; |neander|BCDConverter:inst15|displayA:inst4                                ; work         ;
;       |displayB:inst1|                   ; 1 (1)             ; 0 (0)        ; 0           ; 0            ; 0       ; 0         ; 0    ; 0            ; |neander|BCDConverter:inst15|displayB:inst1                                ; work         ;
;       |displayC:inst2|                   ; 1 (1)             ; 0 (0)        ; 0           ; 0            ; 0       ; 0         ; 0    ; 0            ; |neander|BCDConverter:inst15|displayC:inst2                                ; work         ;
;       |displayD:inst3|                   ; 1 (1)             ; 0 (0)        ; 0           ; 0            ; 0       ; 0         ; 0    ; 0            ; |neander|BCDConverter:inst15|displayD:inst3                                ; work         ;
;       |displayE:inst6|                   ; 1 (1)             ; 0 (0)        ; 0           ; 0            ; 0       ; 0         ; 0    ; 0            ; |neander|BCDConverter:inst15|displayE:inst6                                ; work         ;
;       |displayF:inst8|                   ; 1 (1)             ; 0 (0)        ; 0           ; 0            ; 0       ; 0         ; 0    ; 0            ; |neander|BCDConverter:inst15|displayF:inst8                                ; work         ;
;       |displayG:inst0|                   ; 1 (1)             ; 0 (0)        ; 0           ; 0            ; 0       ; 0         ; 0    ; 0            ; |neander|BCDConverter:inst15|displayG:inst0                                ; work         ;
;    |BCDConverter:inst2|                  ; 7 (0)             ; 0 (0)        ; 0           ; 0            ; 0       ; 0         ; 0    ; 0            ; |neander|BCDConverter:inst2                                                ; work         ;
;       |displayA:inst4|                   ; 1 (1)             ; 0 (0)        ; 0           ; 0            ; 0       ; 0         ; 0    ; 0            ; |neander|BCDConverter:inst2|displayA:inst4                                 ; work         ;
;       |displayB:inst1|                   ; 1 (1)             ; 0 (0)        ; 0           ; 0            ; 0       ; 0         ; 0    ; 0            ; |neander|BCDConverter:inst2|displayB:inst1                                 ; work         ;
;       |displayC:inst2|                   ; 1 (1)             ; 0 (0)        ; 0           ; 0            ; 0       ; 0         ; 0    ; 0            ; |neander|BCDConverter:inst2|displayC:inst2                                 ; work         ;
;       |displayD:inst3|                   ; 1 (1)             ; 0 (0)        ; 0           ; 0            ; 0       ; 0         ; 0    ; 0            ; |neander|BCDConverter:inst2|displayD:inst3                                 ; work         ;
;       |displayE:inst6|                   ; 1 (1)             ; 0 (0)        ; 0           ; 0            ; 0       ; 0         ; 0    ; 0            ; |neander|BCDConverter:inst2|displayE:inst6                                 ; work         ;
;       |displayF:inst8|                   ; 1 (1)             ; 0 (0)        ; 0           ; 0            ; 0       ; 0         ; 0    ; 0            ; |neander|BCDConverter:inst2|displayF:inst8                                 ; work         ;
;       |displayG:inst0|                   ; 1 (1)             ; 0 (0)        ; 0           ; 0            ; 0       ; 0         ; 0    ; 0            ; |neander|BCDConverter:inst2|displayG:inst0                                 ; work         ;
;    |CODULA8b3b:inst|                     ; 2 (2)             ; 0 (0)        ; 0           ; 0            ; 0       ; 0         ; 0    ; 0            ; |neander|CODULA8b3b:inst                                                   ; work         ;
;    |DECOD4b16b:instdec|                  ; 4 (4)             ; 0 (0)        ; 0           ; 0            ; 0       ; 0         ; 0    ; 0            ; |neander|DECOD4b16b:instdec                                                ; work         ;
;    |DivClock:divisor|                    ; 24 (24)           ; 24 (24)      ; 0           ; 0            ; 0       ; 0         ; 0    ; 0            ; |neander|DivClock:divisor                                                  ; work         ;
;    |MUX16b8b:inst21|                     ; 8 (0)             ; 0 (0)        ; 0           ; 0            ; 0       ; 0         ; 0    ; 0            ; |neander|MUX16b8b:inst21                                                   ; work         ;
;       |MUX2b1b:inst1|                    ; 1 (1)             ; 0 (0)        ; 0           ; 0            ; 0       ; 0         ; 0    ; 0            ; |neander|MUX16b8b:inst21|MUX2b1b:inst1                                     ; work         ;
;       |MUX2b1b:inst4|                    ; 1 (1)             ; 0 (0)        ; 0           ; 0            ; 0       ; 0         ; 0    ; 0            ; |neander|MUX16b8b:inst21|MUX2b1b:inst4                                     ; work         ;
;       |MUX2b1b:inst5|                    ; 1 (1)             ; 0 (0)        ; 0           ; 0            ; 0       ; 0         ; 0    ; 0            ; |neander|MUX16b8b:inst21|MUX2b1b:inst5                                     ; work         ;
;       |MUX2b1b:inst6|                    ; 1 (1)             ; 0 (0)        ; 0           ; 0            ; 0       ; 0         ; 0    ; 0            ; |neander|MUX16b8b:inst21|MUX2b1b:inst6                                     ; work         ;
;       |MUX2b1b:inst7|                    ; 1 (1)             ; 0 (0)        ; 0           ; 0            ; 0       ; 0         ; 0    ; 0            ; |neander|MUX16b8b:inst21|MUX2b1b:inst7                                     ; work         ;
;       |MUX2b1b:inst8|                    ; 1 (1)             ; 0 (0)        ; 0           ; 0            ; 0       ; 0         ; 0    ; 0            ; |neander|MUX16b8b:inst21|MUX2b1b:inst8                                     ; work         ;
;       |MUX2b1b:inst9|                    ; 1 (1)             ; 0 (0)        ; 0           ; 0            ; 0       ; 0         ; 0    ; 0            ; |neander|MUX16b8b:inst21|MUX2b1b:inst9                                     ; work         ;
;       |MUX2b1b:inst|                     ; 1 (1)             ; 0 (0)        ; 0           ; 0            ; 0       ; 0         ; 0    ; 0            ; |neander|MUX16b8b:inst21|MUX2b1b:inst                                      ; work         ;
;    |MUX16b8b:inst22|                     ; 8 (0)             ; 0 (0)        ; 0           ; 0            ; 0       ; 0         ; 0    ; 0            ; |neander|MUX16b8b:inst22                                                   ; work         ;
;       |MUX2b1b:inst1|                    ; 1 (1)             ; 0 (0)        ; 0           ; 0            ; 0       ; 0         ; 0    ; 0            ; |neander|MUX16b8b:inst22|MUX2b1b:inst1                                     ; work         ;
;       |MUX2b1b:inst4|                    ; 1 (1)             ; 0 (0)        ; 0           ; 0            ; 0       ; 0         ; 0    ; 0            ; |neander|MUX16b8b:inst22|MUX2b1b:inst4                                     ; work         ;
;       |MUX2b1b:inst5|                    ; 1 (1)             ; 0 (0)        ; 0           ; 0            ; 0       ; 0         ; 0    ; 0            ; |neander|MUX16b8b:inst22|MUX2b1b:inst5                                     ; work         ;
;       |MUX2b1b:inst6|                    ; 1 (1)             ; 0 (0)        ; 0           ; 0            ; 0       ; 0         ; 0    ; 0            ; |neander|MUX16b8b:inst22|MUX2b1b:inst6                                     ; work         ;
;       |MUX2b1b:inst7|                    ; 1 (1)             ; 0 (0)        ; 0           ; 0            ; 0       ; 0         ; 0    ; 0            ; |neander|MUX16b8b:inst22|MUX2b1b:inst7                                     ; work         ;
;       |MUX2b1b:inst8|                    ; 1 (1)             ; 0 (0)        ; 0           ; 0            ; 0       ; 0         ; 0    ; 0            ; |neander|MUX16b8b:inst22|MUX2b1b:inst8                                     ; work         ;
;       |MUX2b1b:inst9|                    ; 1 (1)             ; 0 (0)        ; 0           ; 0            ; 0       ; 0         ; 0    ; 0            ; |neander|MUX16b8b:inst22|MUX2b1b:inst9                                     ; work         ;
;       |MUX2b1b:inst|                     ; 1 (1)             ; 0 (0)        ; 0           ; 0            ; 0       ; 0         ; 0    ; 0            ; |neander|MUX16b8b:inst22|MUX2b1b:inst                                      ; work         ;
;    |PC:inst10|                           ; 16 (8)            ; 8 (8)        ; 0           ; 0            ; 0       ; 0         ; 0    ; 0            ; |neander|PC:inst10                                                         ; work         ;
;       |MUX3b1b:inst13|                   ; 1 (0)             ; 0 (0)        ; 0           ; 0            ; 0       ; 0         ; 0    ; 0            ; |neander|PC:inst10|MUX3b1b:inst13                                          ; work         ;
;          |MUX2b1b:inst1|                 ; 1 (1)             ; 0 (0)        ; 0           ; 0            ; 0       ; 0         ; 0    ; 0            ; |neander|PC:inst10|MUX3b1b:inst13|MUX2b1b:inst1                            ; work         ;
;       |MUX3b1b:inst14|                   ; 1 (0)             ; 0 (0)        ; 0           ; 0            ; 0       ; 0         ; 0    ; 0            ; |neander|PC:inst10|MUX3b1b:inst14                                          ; work         ;
;          |MUX2b1b:inst1|                 ; 1 (1)             ; 0 (0)        ; 0           ; 0            ; 0       ; 0         ; 0    ; 0            ; |neander|PC:inst10|MUX3b1b:inst14|MUX2b1b:inst1                            ; work         ;
;       |MUX3b1b:inst15|                   ; 1 (0)             ; 0 (0)        ; 0           ; 0            ; 0       ; 0         ; 0    ; 0            ; |neander|PC:inst10|MUX3b1b:inst15                                          ; work         ;
;          |MUX2b1b:inst1|                 ; 1 (1)             ; 0 (0)        ; 0           ; 0            ; 0       ; 0         ; 0    ; 0            ; |neander|PC:inst10|MUX3b1b:inst15|MUX2b1b:inst1                            ; work         ;
;       |MUX3b1b:inst16|                   ; 1 (0)             ; 0 (0)        ; 0           ; 0            ; 0       ; 0         ; 0    ; 0            ; |neander|PC:inst10|MUX3b1b:inst16                                          ; work         ;
;          |MUX2b1b:inst1|                 ; 1 (1)             ; 0 (0)        ; 0           ; 0            ; 0       ; 0         ; 0    ; 0            ; |neander|PC:inst10|MUX3b1b:inst16|MUX2b1b:inst1                            ; work         ;
;       |MUX3b1b:inst17|                   ; 1 (0)             ; 0 (0)        ; 0           ; 0            ; 0       ; 0         ; 0    ; 0            ; |neander|PC:inst10|MUX3b1b:inst17                                          ; work         ;
;          |MUX2b1b:inst1|                 ; 1 (1)             ; 0 (0)        ; 0           ; 0            ; 0       ; 0         ; 0    ; 0            ; |neander|PC:inst10|MUX3b1b:inst17|MUX2b1b:inst1                            ; work         ;
;       |MUX3b1b:inst18|                   ; 1 (0)             ; 0 (0)        ; 0           ; 0            ; 0       ; 0         ; 0    ; 0            ; |neander|PC:inst10|MUX3b1b:inst18                                          ; work         ;
;          |MUX2b1b:inst1|                 ; 1 (1)             ; 0 (0)        ; 0           ; 0            ; 0       ; 0         ; 0    ; 0            ; |neander|PC:inst10|MUX3b1b:inst18|MUX2b1b:inst1                            ; work         ;
;       |MUX3b1b:inst19|                   ; 1 (0)             ; 0 (0)        ; 0           ; 0            ; 0       ; 0         ; 0    ; 0            ; |neander|PC:inst10|MUX3b1b:inst19                                          ; work         ;
;          |MUX2b1b:inst1|                 ; 1 (1)             ; 0 (0)        ; 0           ; 0            ; 0       ; 0         ; 0    ; 0            ; |neander|PC:inst10|MUX3b1b:inst19|MUX2b1b:inst1                            ; work         ;
;       |MUX3b1b:inst|                     ; 1 (0)             ; 0 (0)        ; 0           ; 0            ; 0       ; 0         ; 0    ; 0            ; |neander|PC:inst10|MUX3b1b:inst                                            ; work         ;
;          |MUX2b1b:inst1|                 ; 1 (1)             ; 0 (0)        ; 0           ; 0            ; 0       ; 0         ; 0    ; 0            ; |neander|PC:inst10|MUX3b1b:inst|MUX2b1b:inst1                              ; work         ;
;    |ROM:inst13|                          ; 0 (0)             ; 0 (0)        ; 2048        ; 0            ; 0       ; 0         ; 0    ; 0            ; |neander|ROM:inst13                                                        ; work         ;
;       |altsyncram:Mux7_rtl_0|            ; 0 (0)             ; 0 (0)        ; 2048        ; 0            ; 0       ; 0         ; 0    ; 0            ; |neander|ROM:inst13|altsyncram:Mux7_rtl_0                                  ; work         ;
;          |altsyncram_8hv:auto_generated| ; 0 (0)             ; 0 (0)        ; 2048        ; 0            ; 0       ; 0         ; 0    ; 0            ; |neander|ROM:inst13|altsyncram:Mux7_rtl_0|altsyncram_8hv:auto_generated    ; work         ;
;    |ULA:inst7|                           ; 45 (0)            ; 0 (0)        ; 0           ; 0            ; 0       ; 0         ; 0    ; 0            ; |neander|ULA:inst7                                                         ; work         ;
;       |AND8b:inst13|                     ; 1 (1)             ; 0 (0)        ; 0           ; 0            ; 0       ; 0         ; 0    ; 0            ; |neander|ULA:inst7|AND8b:inst13                                            ; work         ;
;       |MUX16b8b:inst14|                  ; 32 (0)            ; 0 (0)        ; 0           ; 0            ; 0       ; 0         ; 0    ; 0            ; |neander|ULA:inst7|MUX16b8b:inst14                                         ; work         ;
;          |MUX2b1b:inst1|                 ; 3 (3)             ; 0 (0)        ; 0           ; 0            ; 0       ; 0         ; 0    ; 0            ; |neander|ULA:inst7|MUX16b8b:inst14|MUX2b1b:inst1                           ; work         ;
;          |MUX2b1b:inst4|                 ; 4 (4)             ; 0 (0)        ; 0           ; 0            ; 0       ; 0         ; 0    ; 0            ; |neander|ULA:inst7|MUX16b8b:inst14|MUX2b1b:inst4                           ; work         ;
;          |MUX2b1b:inst5|                 ; 4 (4)             ; 0 (0)        ; 0           ; 0            ; 0       ; 0         ; 0    ; 0            ; |neander|ULA:inst7|MUX16b8b:inst14|MUX2b1b:inst5                           ; work         ;
;          |MUX2b1b:inst6|                 ; 3 (3)             ; 0 (0)        ; 0           ; 0            ; 0       ; 0         ; 0    ; 0            ; |neander|ULA:inst7|MUX16b8b:inst14|MUX2b1b:inst6                           ; work         ;
;          |MUX2b1b:inst7|                 ; 3 (3)             ; 0 (0)        ; 0           ; 0            ; 0       ; 0         ; 0    ; 0            ; |neander|ULA:inst7|MUX16b8b:inst14|MUX2b1b:inst7                           ; work         ;
;          |MUX2b1b:inst8|                 ; 3 (3)             ; 0 (0)        ; 0           ; 0            ; 0       ; 0         ; 0    ; 0            ; |neander|ULA:inst7|MUX16b8b:inst14|MUX2b1b:inst8                           ; work         ;
;          |MUX2b1b:inst9|                 ; 3 (3)             ; 0 (0)        ; 0           ; 0            ; 0       ; 0         ; 0    ; 0            ; |neander|ULA:inst7|MUX16b8b:inst14|MUX2b1b:inst9                           ; work         ;
;          |MUX2b1b:inst|                  ; 9 (9)             ; 0 (0)        ; 0           ; 0            ; 0       ; 0         ; 0    ; 0            ; |neander|ULA:inst7|MUX16b8b:inst14|MUX2b1b:inst                            ; work         ;
;       |RCA8b:inst3|                      ; 9 (0)             ; 0 (0)        ; 0           ; 0            ; 0       ; 0         ; 0    ; 0            ; |neander|ULA:inst7|RCA8b:inst3                                             ; work         ;
;          |FullAdder:inst1|               ; 1 (1)             ; 0 (0)        ; 0           ; 0            ; 0       ; 0         ; 0    ; 0            ; |neander|ULA:inst7|RCA8b:inst3|FullAdder:inst1                             ; work         ;
;          |FullAdder:inst2|               ; 1 (1)             ; 0 (0)        ; 0           ; 0            ; 0       ; 0         ; 0    ; 0            ; |neander|ULA:inst7|RCA8b:inst3|FullAdder:inst2                             ; work         ;
;          |FullAdder:inst3|               ; 1 (1)             ; 0 (0)        ; 0           ; 0            ; 0       ; 0         ; 0    ; 0            ; |neander|ULA:inst7|RCA8b:inst3|FullAdder:inst3                             ; work         ;
;          |FullAdder:inst4|               ; 2 (2)             ; 0 (0)        ; 0           ; 0            ; 0       ; 0         ; 0    ; 0            ; |neander|ULA:inst7|RCA8b:inst3|FullAdder:inst4                             ; work         ;
;          |FullAdder:inst6|               ; 2 (2)             ; 0 (0)        ; 0           ; 0            ; 0       ; 0         ; 0    ; 0            ; |neander|ULA:inst7|RCA8b:inst3|FullAdder:inst6                             ; work         ;
;          |FullAdder:inst7|               ; 2 (2)             ; 0 (0)        ; 0           ; 0            ; 0       ; 0         ; 0    ; 0            ; |neander|ULA:inst7|RCA8b:inst3|FullAdder:inst7                             ; work         ;
;       |zero:inst8|                       ; 3 (3)             ; 0 (0)        ; 0           ; 0            ; 0       ; 0         ; 0    ; 0            ; |neander|ULA:inst7|zero:inst8                                              ; work         ;
;    |UnidadeControle:inst1|               ; 22 (0)            ; 3 (0)        ; 0           ; 0            ; 0       ; 0         ; 0    ; 0            ; |neander|UnidadeControle:inst1                                             ; work         ;
;       |TEMPORIZADOR:inst|                ; 6 (0)             ; 3 (0)        ; 0           ; 0            ; 0       ; 0         ; 0    ; 0            ; |neander|UnidadeControle:inst1|TEMPORIZADOR:inst                           ; work         ;
;          |CONT3b:inst|                   ; 3 (1)             ; 3 (3)        ; 0           ; 0            ; 0       ; 0         ; 0    ; 0            ; |neander|UnidadeControle:inst1|TEMPORIZADOR:inst|CONT3b:inst               ; work         ;
;             |MUX2b1b:inst1|              ; 1 (1)             ; 0 (0)        ; 0           ; 0            ; 0       ; 0         ; 0    ; 0            ; |neander|UnidadeControle:inst1|TEMPORIZADOR:inst|CONT3b:inst|MUX2b1b:inst1 ; work         ;
;             |MUX2b1b:inst2|              ; 1 (1)             ; 0 (0)        ; 0           ; 0            ; 0       ; 0         ; 0    ; 0            ; |neander|UnidadeControle:inst1|TEMPORIZADOR:inst|CONT3b:inst|MUX2b1b:inst2 ; work         ;
;          |DECOD3b8b:inst3|               ; 3 (3)             ; 0 (0)        ; 0           ; 0            ; 0       ; 0         ; 0    ; 0            ; |neander|UnidadeControle:inst1|TEMPORIZADOR:inst|DECOD3b8b:inst3           ; work         ;
;       |UC:inst2|                         ; 16 (0)            ; 0 (0)        ; 0           ; 0            ; 0       ; 0         ; 0    ; 0            ; |neander|UnidadeControle:inst1|UC:inst2                                    ; work         ;
;          |CargaAC:inst8|                 ; 2 (2)             ; 0 (0)        ; 0           ; 0            ; 0       ; 0         ; 0    ; 0            ; |neander|UnidadeControle:inst1|UC:inst2|CargaAC:inst8                      ; work         ;
;          |CargaREM:inst10|               ; 2 (2)             ; 0 (0)        ; 0           ; 0            ; 0       ; 0         ; 0    ; 0            ; |neander|UnidadeControle:inst1|UC:inst2|CargaREM:inst10                    ; work         ;
;          |IncrementaPC:inst11|           ; 1 (1)             ; 0 (0)        ; 0           ; 0            ; 0       ; 0         ; 0    ; 0            ; |neander|UnidadeControle:inst1|UC:inst2|IncrementaPC:inst11                ; work         ;
;          |Read:inst12|                   ; 2 (2)             ; 0 (0)        ; 0           ; 0            ; 0       ; 0         ; 0    ; 0            ; |neander|UnidadeControle:inst1|UC:inst2|Read:inst12                        ; work         ;
;          |gotot0:inst13|                 ; 8 (8)             ; 0 (0)        ; 0           ; 0            ; 0       ; 0         ; 0    ; 0            ; |neander|UnidadeControle:inst1|UC:inst2|gotot0:inst13                      ; work         ;
;          |sel:inst14|                    ; 1 (1)             ; 0 (0)        ; 0           ; 0            ; 0       ; 0         ; 0    ; 0            ; |neander|UnidadeControle:inst1|UC:inst2|sel:inst14                         ; work         ;
;    |register1b:inst19|                   ; 0 (0)             ; 1 (1)        ; 0           ; 0            ; 0       ; 0         ; 0    ; 0            ; |neander|register1b:inst19                                                 ; work         ;
;    |register1b:inst20|                   ; 0 (0)             ; 1 (1)        ; 0           ; 0            ; 0       ; 0         ; 0    ; 0            ; |neander|register1b:inst20                                                 ; work         ;
;    |register8b:inst3|                    ; 8 (0)             ; 8 (8)        ; 0           ; 0            ; 0       ; 0         ; 0    ; 0            ; |neander|register8b:inst3                                                  ; work         ;
;       |MUX2b1b:instmux1|                 ; 1 (1)             ; 0 (0)        ; 0           ; 0            ; 0       ; 0         ; 0    ; 0            ; |neander|register8b:inst3|MUX2b1b:instmux1                                 ; work         ;
;       |MUX2b1b:instmux2|                 ; 1 (1)             ; 0 (0)        ; 0           ; 0            ; 0       ; 0         ; 0    ; 0            ; |neander|register8b:inst3|MUX2b1b:instmux2                                 ; work         ;
;       |MUX2b1b:instmux3|                 ; 1 (1)             ; 0 (0)        ; 0           ; 0            ; 0       ; 0         ; 0    ; 0            ; |neander|register8b:inst3|MUX2b1b:instmux3                                 ; work         ;
;       |MUX2b1b:instmux4|                 ; 1 (1)             ; 0 (0)        ; 0           ; 0            ; 0       ; 0         ; 0    ; 0            ; |neander|register8b:inst3|MUX2b1b:instmux4                                 ; work         ;
;       |MUX2b1b:instmux5|                 ; 1 (1)             ; 0 (0)        ; 0           ; 0            ; 0       ; 0         ; 0    ; 0            ; |neander|register8b:inst3|MUX2b1b:instmux5                                 ; work         ;
;       |MUX2b1b:instmux6|                 ; 1 (1)             ; 0 (0)        ; 0           ; 0            ; 0       ; 0         ; 0    ; 0            ; |neander|register8b:inst3|MUX2b1b:instmux6                                 ; work         ;
;       |MUX2b1b:instmux7|                 ; 1 (1)             ; 0 (0)        ; 0           ; 0            ; 0       ; 0         ; 0    ; 0            ; |neander|register8b:inst3|MUX2b1b:instmux7                                 ; work         ;
;       |MUX2b1b:instmux8|                 ; 1 (1)             ; 0 (0)        ; 0           ; 0            ; 0       ; 0         ; 0    ; 0            ; |neander|register8b:inst3|MUX2b1b:instmux8                                 ; work         ;
;    |register8b:inst4|                    ; 8 (8)             ; 10 (10)      ; 0           ; 0            ; 0       ; 0         ; 0    ; 0            ; |neander|register8b:inst4                                                  ; work         ;
;    |register8b:inst5|                    ; 0 (0)             ; 8 (8)        ; 0           ; 0            ; 0       ; 0         ; 0    ; 0            ; |neander|register8b:inst5                                                  ; work         ;
;    |register8b:inst6|                    ; 0 (0)             ; 8 (8)        ; 0           ; 0            ; 0       ; 0         ; 0    ; 0            ; |neander|register8b:inst6                                                  ; work         ;
;    |register8b:inst8|                    ; 0 (0)             ; 4 (4)        ; 0           ; 0            ; 0       ; 0         ; 0    ; 0            ; |neander|register8b:inst8                                                  ; work         ;
;    |register8b:inst9|                    ; 0 (0)             ; 7 (7)        ; 0           ; 0            ; 0       ; 0         ; 0    ; 0            ; |neander|register8b:inst9                                                  ; work         ;
;    |runstep:inst16|                      ; 1 (0)             ; 0 (0)        ; 0           ; 0            ; 0       ; 0         ; 0    ; 0            ; |neander|runstep:inst16                                                    ; work         ;
;       |MUX2b1b:inst1|                    ; 1 (1)             ; 0 (0)        ; 0           ; 0            ; 0       ; 0         ; 0    ; 0            ; |neander|runstep:inst16|MUX2b1b:inst1                                      ; work         ;
+------------------------------------------+-------------------+--------------+-------------+--------------+---------+-----------+------+--------------+----------------------------------------------------------------------------+--------------+
Note: For table entries with two numbers listed, the numbers in parentheses indicate the number of resources of the given type used by the specific entity alone. The numbers listed outside of parentheses indicate the total resources of the given type used by the specific entity and all of its sub-entities in the hierarchy.


+---------------------------------------------------------------------------------------------------------------------------------------------------------------------------------------+
; Analysis & Synthesis RAM Summary                                                                                                                                                      ;
+---------------------------------------------------------------------------+------+------+--------------+--------------+--------------+--------------+------+--------------------------+
; Name                                                                      ; Type ; Mode ; Port A Depth ; Port A Width ; Port B Depth ; Port B Width ; Size ; MIF                      ;
+---------------------------------------------------------------------------+------+------+--------------+--------------+--------------+--------------+------+--------------------------+
; ROM:inst13|altsyncram:Mux7_rtl_0|altsyncram_8hv:auto_generated|ALTSYNCRAM ; AUTO ; ROM  ; 256          ; 8            ; --           ; --           ; 2048 ; Neander.Neander0.rtl.mif ;
+---------------------------------------------------------------------------+------+------+--------------+--------------+--------------+--------------+------+--------------------------+


+--------------------------------------------------------------------------------+
; Registers Removed During Synthesis                                             ;
+----------------------------------------+---------------------------------------+
; Register name                          ; Reason for Removal                    ;
+----------------------------------------+---------------------------------------+
; register8b:inst9|inst14                ; Merged with register1b:inst19|inst    ;
; register8b:inst4|inst                  ; Lost fanout                           ;
; register8b:inst4|inst3                 ; Lost fanout                           ;
; register8b:inst4|inst5                 ; Lost fanout                           ;
; register8b:inst4|inst6                 ; Lost fanout                           ;
; register8b:inst4|inst8                 ; Lost fanout                           ;
; register8b:inst4|inst10                ; Lost fanout                           ;
; register8b:inst4|inst12                ; Lost fanout                           ;
; register8b:inst4|inst14                ; Lost fanout                           ;
; register8b:inst4|inst14~0              ; Merged with register8b:inst4|inst8~0  ;
; register8b:inst4|inst8~0               ; Merged with register8b:inst4|inst10~0 ;
; register8b:inst4|inst10~0              ; Merged with register8b:inst4|inst12~0 ;
; register8b:inst4|inst12~0              ; Merged with register8b:inst4|inst6~0  ;
; register8b:inst4|inst6~0               ; Merged with register8b:inst4|inst5~0  ;
; register8b:inst4|inst5~0               ; Merged with register8b:inst4|inst3~0  ;
; register8b:inst4|inst3~0               ; Merged with register8b:inst4|inst~0   ;
; register8b:inst4|inst3~3               ; Merged with register8b:inst4|inst~3   ;
; register8b:inst4|inst5~3               ; Merged with register8b:inst4|inst~3   ;
; register8b:inst4|inst6~3               ; Merged with register8b:inst4|inst~3   ;
; register8b:inst4|inst8~3               ; Merged with register8b:inst4|inst~3   ;
; register8b:inst4|inst10~3              ; Merged with register8b:inst4|inst~3   ;
; register8b:inst4|inst12~3              ; Merged with register8b:inst4|inst~3   ;
; register8b:inst4|inst14~3              ; Merged with register8b:inst4|inst~3   ;
; Total Number of Removed Registers = 23 ;                                       ;
+----------------------------------------+---------------------------------------+


+------------------------------------------------------+
; General Register Statistics                          ;
+----------------------------------------------+-------+
; Statistic                                    ; Value ;
+----------------------------------------------+-------+
; Total registers                              ; 82    ;
; Number of registers using Synchronous Clear  ; 0     ;
; Number of registers using Synchronous Load   ; 0     ;
; Number of registers using Asynchronous Clear ; 73    ;
; Number of registers using Asynchronous Load  ; 0     ;
; Number of registers using Clock Enable       ; 45    ;
; Number of registers using Preset             ; 0     ;
+----------------------------------------------+-------+


+----------------------------------------------------------+
; Registers Packed Into Inferred Megafunctions             ;
+---------------------------+-----------------------+------+
; Register Name             ; Megafunction          ; Type ;
+---------------------------+-----------------------+------+
; register8b:inst4|inst~2   ; ROM:inst13|Mux7_rtl_0 ; ROM  ;
; register8b:inst4|inst3~2  ; ROM:inst13|Mux7_rtl_0 ; ROM  ;
; register8b:inst4|inst5~2  ; ROM:inst13|Mux7_rtl_0 ; ROM  ;
; register8b:inst4|inst6~2  ; ROM:inst13|Mux7_rtl_0 ; ROM  ;
; register8b:inst4|inst8~2  ; ROM:inst13|Mux7_rtl_0 ; ROM  ;
; register8b:inst4|inst10~2 ; ROM:inst13|Mux7_rtl_0 ; ROM  ;
; register8b:inst4|inst12~2 ; ROM:inst13|Mux7_rtl_0 ; ROM  ;
; register8b:inst4|inst14~2 ; ROM:inst13|Mux7_rtl_0 ; ROM  ;
+---------------------------+-----------------------+------+


+---------------------------------------------------------------------------------------------------------------------------------------------------------------------+
; Multiplexer Restructuring Statistics (Restructuring Performed)                                                                                                      ;
+--------------------+-----------+---------------+----------------------+------------------------+------------+-------------------------------------------------------+
; Multiplexer Inputs ; Bus Width ; Baseline Area ; Area if Restructured ; Saving if Restructured ; Registered ; Example Multiplexer Output                            ;
+--------------------+-----------+---------------+----------------------+------------------------+------------+-------------------------------------------------------+
; 3:1                ; 8 bits    ; 16 LEs        ; 8 LEs                ; 8 LEs                  ; Yes        ; |neander|PC:inst10|inst38                             ;
; 3:1                ; 8 bits    ; 16 LEs        ; 8 LEs                ; 8 LEs                  ; Yes        ; |neander|register8b:inst3|inst14                      ;
; 6:1                ; 8 bits    ; 32 LEs        ; 32 LEs               ; 0 LEs                  ; No         ; |neander|ULA:inst7|MUX16b8b:inst14|MUX2b1b:inst|inst3 ;
+--------------------+-----------+---------------+----------------------+------------------------+------------+-------------------------------------------------------+


+---------------------------------------------------------------------------------------+
; Source assignments for ROM:inst13|altsyncram:Mux7_rtl_0|altsyncram_8hv:auto_generated ;
+---------------------------------+--------------------+------+-------------------------+
; Assignment                      ; Value              ; From ; To                      ;
+---------------------------------+--------------------+------+-------------------------+
; OPTIMIZE_POWER_DURING_SYNTHESIS ; NORMAL_COMPILATION ; -    ; -                       ;
+---------------------------------+--------------------+------+-------------------------+


+-----------------------------------------------------------------------------------+
; Parameter Settings for Inferred Entity Instance: ROM:inst13|altsyncram:Mux7_rtl_0 ;
+------------------------------------+--------------------------+-------------------+
; Parameter Name                     ; Value                    ; Type              ;
+------------------------------------+--------------------------+-------------------+
; BYTE_SIZE_BLOCK                    ; 8                        ; Untyped           ;
; AUTO_CARRY_CHAINS                  ; ON                       ; AUTO_CARRY        ;
; IGNORE_CARRY_BUFFERS               ; OFF                      ; IGNORE_CARRY      ;
; AUTO_CASCADE_CHAINS                ; ON                       ; AUTO_CASCADE      ;
; IGNORE_CASCADE_BUFFERS             ; OFF                      ; IGNORE_CASCADE    ;
; WIDTH_BYTEENA                      ; 1                        ; Untyped           ;
; OPERATION_MODE                     ; ROM                      ; Untyped           ;
; WIDTH_A                            ; 8                        ; Untyped           ;
; WIDTHAD_A                          ; 8                        ; Untyped           ;
; NUMWORDS_A                         ; 256                      ; Untyped           ;
; OUTDATA_REG_A                      ; UNREGISTERED             ; Untyped           ;
; ADDRESS_ACLR_A                     ; NONE                     ; Untyped           ;
; OUTDATA_ACLR_A                     ; NONE                     ; Untyped           ;
; WRCONTROL_ACLR_A                   ; NONE                     ; Untyped           ;
; INDATA_ACLR_A                      ; NONE                     ; Untyped           ;
; BYTEENA_ACLR_A                     ; NONE                     ; Untyped           ;
; WIDTH_B                            ; 1                        ; Untyped           ;
; WIDTHAD_B                          ; 1                        ; Untyped           ;
; NUMWORDS_B                         ; 1                        ; Untyped           ;
; INDATA_REG_B                       ; CLOCK1                   ; Untyped           ;
; WRCONTROL_WRADDRESS_REG_B          ; CLOCK1                   ; Untyped           ;
; RDCONTROL_REG_B                    ; CLOCK1                   ; Untyped           ;
; ADDRESS_REG_B                      ; CLOCK1                   ; Untyped           ;
; OUTDATA_REG_B                      ; UNREGISTERED             ; Untyped           ;
; BYTEENA_REG_B                      ; CLOCK1                   ; Untyped           ;
; INDATA_ACLR_B                      ; NONE                     ; Untyped           ;
; WRCONTROL_ACLR_B                   ; NONE                     ; Untyped           ;
; ADDRESS_ACLR_B                     ; NONE                     ; Untyped           ;
; OUTDATA_ACLR_B                     ; NONE                     ; Untyped           ;
; RDCONTROL_ACLR_B                   ; NONE                     ; Untyped           ;
; BYTEENA_ACLR_B                     ; NONE                     ; Untyped           ;
; WIDTH_BYTEENA_A                    ; 1                        ; Untyped           ;
; WIDTH_BYTEENA_B                    ; 1                        ; Untyped           ;
; RAM_BLOCK_TYPE                     ; AUTO                     ; Untyped           ;
; BYTE_SIZE                          ; 8                        ; Untyped           ;
; READ_DURING_WRITE_MODE_MIXED_PORTS ; DONT_CARE                ; Untyped           ;
; READ_DURING_WRITE_MODE_PORT_A      ; NEW_DATA_NO_NBE_READ     ; Untyped           ;
; READ_DURING_WRITE_MODE_PORT_B      ; NEW_DATA_NO_NBE_READ     ; Untyped           ;
; INIT_FILE                          ; Neander.Neander0.rtl.mif ; Untyped           ;
; INIT_FILE_LAYOUT                   ; PORT_A                   ; Untyped           ;
; MAXIMUM_DEPTH                      ; 0                        ; Untyped           ;
; CLOCK_ENABLE_INPUT_A               ; NORMAL                   ; Untyped           ;
; CLOCK_ENABLE_INPUT_B               ; NORMAL                   ; Untyped           ;
; CLOCK_ENABLE_OUTPUT_A              ; NORMAL                   ; Untyped           ;
; CLOCK_ENABLE_OUTPUT_B              ; NORMAL                   ; Untyped           ;
; CLOCK_ENABLE_CORE_A                ; USE_INPUT_CLKEN          ; Untyped           ;
; CLOCK_ENABLE_CORE_B                ; USE_INPUT_CLKEN          ; Untyped           ;
; ENABLE_ECC                         ; FALSE                    ; Untyped           ;
; ECC_PIPELINE_STAGE_ENABLED         ; FALSE                    ; Untyped           ;
; WIDTH_ECCSTATUS                    ; 3                        ; Untyped           ;
; DEVICE_FAMILY                      ; Cyclone III              ; Untyped           ;
; CBXI_PARAMETER                     ; altsyncram_8hv           ; Untyped           ;
+------------------------------------+--------------------------+-------------------+
Note: In order to hide this table in the UI and the text report file, please set the "Show Parameter Settings in Synthesis Report" option in "Analysis and Synthesis Settings -> More Settings" to "Off".


+------------------------------------------------------------------------------+
; altsyncram Parameter Settings by Entity Instance                             ;
+-------------------------------------------+----------------------------------+
; Name                                      ; Value                            ;
+-------------------------------------------+----------------------------------+
; Number of entity instances                ; 1                                ;
; Entity Instance                           ; ROM:inst13|altsyncram:Mux7_rtl_0 ;
;     -- OPERATION_MODE                     ; ROM                              ;
;     -- WIDTH_A                            ; 8                                ;
;     -- NUMWORDS_A                         ; 256                              ;
;     -- OUTDATA_REG_A                      ; UNREGISTERED                     ;
;     -- WIDTH_B                            ; 1                                ;
;     -- NUMWORDS_B                         ; 1                                ;
;     -- ADDRESS_REG_B                      ; CLOCK1                           ;
;     -- OUTDATA_REG_B                      ; UNREGISTERED                     ;
;     -- RAM_BLOCK_TYPE                     ; AUTO                             ;
;     -- READ_DURING_WRITE_MODE_MIXED_PORTS ; DONT_CARE                        ;
+-------------------------------------------+----------------------------------+


+-------------------------------+
; Elapsed Time Per Partition    ;
+----------------+--------------+
; Partition Name ; Elapsed Time ;
+----------------+--------------+
; Top            ; 00:00:01     ;
+----------------+--------------+


+-------------------------------+
; Analysis & Synthesis Messages ;
+-------------------------------+
Info: *******************************************************************
Info: Running Quartus II 64-Bit Analysis & Synthesis
    Info: Version 13.1.0 Build 162 10/23/2013 SJ Web Edition
    Info: Processing started: Wed Dec 03 14:01:16 2025
Info: Command: quartus_map --read_settings_files=on --write_settings_files=off Neander -c Neander
Warning (20028): Parallel compilation is not licensed and has been disabled
Info (12021): Found 1 design units, including 1 entities, in source file neandersecondhalf.bdf
    Info (12023): Found entity 1: NeanderSecondHalf
Info (12021): Found 2 design units, including 1 entities, in source file rom_neander.vhd
    Info (12022): Found design unit 1: ROM-arch
    Info (12023): Found entity 1: ROM
Info (12021): Found 1 design units, including 1 entities, in source file teste_ula_cod_decod.bdf
    Info (12023): Found entity 1: teste_ula_cod_decod
Info (12021): Found 1 design units, including 1 entities, in source file ualy.bdf
    Info (12023): Found entity 1: UALY
Info (12021): Found 1 design units, including 1 entities, in source file ualor.bdf
    Info (12023): Found entity 1: UALOR
Info (12021): Found 1 design units, including 1 entities, in source file ualnot.bdf
    Info (12023): Found entity 1: UALNOT
Info (12021): Found 1 design units, including 1 entities, in source file ualand.bdf
    Info (12023): Found entity 1: UALAND
Info (12021): Found 1 design units, including 1 entities, in source file ualadd.bdf
    Info (12023): Found entity 1: UALADD
Info (12021): Found 1 design units, including 1 entities, in source file write.bdf
    Info (12023): Found entity 1: Write
Info (12021): Found 1 design units, including 1 entities, in source file uc.bdf
    Info (12023): Found entity 1: UC
Info (12021): Found 1 design units, including 1 entities, in source file specreg8b.bdf
    Info (12023): Found entity 1: SpecReg8b
Info (12021): Found 1 design units, including 1 entities, in source file sel.bdf
    Info (12023): Found entity 1: sel
Info (12021): Found 1 design units, including 1 entities, in source file read.bdf
    Info (12023): Found entity 1: Read
Info (12021): Found 1 design units, including 1 entities, in source file lab09.bdf
    Info (12023): Found entity 1: LAB09
Info (12021): Found 1 design units, including 1 entities, in source file incrementapc.bdf
    Info (12023): Found entity 1: IncrementaPC
Info (12021): Found 1 design units, including 1 entities, in source file gotot0.bdf
    Info (12023): Found entity 1: gotot0
Info (12021): Found 1 design units, including 1 entities, in source file cargari.bdf
    Info (12023): Found entity 1: cargaRI
Info (12021): Found 1 design units, including 1 entities, in source file cargarem.bdf
    Info (12023): Found entity 1: CargaREM
Info (12021): Found 1 design units, including 1 entities, in source file cargardm.bdf
    Info (12023): Found entity 1: cargaRDM
Info (12021): Found 1 design units, including 1 entities, in source file cargapc.bdf
    Info (12023): Found entity 1: CargaPC
Info (12021): Found 1 design units, including 1 entities, in source file cargaac.bdf
    Info (12023): Found entity 1: CargaAC
Info (12021): Found 1 design units, including 1 entities, in source file zero.bdf
    Info (12023): Found entity 1: zero
Info (12021): Found 1 design units, including 1 entities, in source file ula.bdf
    Info (12023): Found entity 1: ULA
Info (12021): Found 1 design units, including 1 entities, in source file runstep.bdf
    Info (12023): Found entity 1: runstep
Info (12021): Found 1 design units, including 1 entities, in source file rca8b.bdf
    Info (12023): Found entity 1: RCA8b
Info (12021): Found 1 design units, including 1 entities, in source file or8b.bdf
    Info (12023): Found entity 1: OR8b
Info (12021): Found 1 design units, including 1 entities, in source file not8b.bdf
    Info (12023): Found entity 1: NOT8b
Info (12021): Found 1 design units, including 1 entities, in source file neg.bdf
    Info (12023): Found entity 1: NEG
Info (12021): Found 1 design units, including 1 entities, in source file neander.bdf
    Info (12023): Found entity 1: neander
Info (12021): Found 1 design units, including 1 entities, in source file mux2b1b.bdf
    Info (12023): Found entity 1: MUX2b1b
Info (12021): Found 1 design units, including 1 entities, in source file mux16b8b.bdf
    Info (12023): Found entity 1: MUX16b8b
Info (12021): Found 1 design units, including 1 entities, in source file fulladder.bdf
    Info (12023): Found entity 1: FullAdder
Info (12021): Found 1 design units, including 1 entities, in source file divclock.bdf
    Info (12023): Found entity 1: DivClock
Info (12021): Found 1 design units, including 1 entities, in source file displayg.bdf
    Info (12023): Found entity 1: displayG
Info (12021): Found 1 design units, including 1 entities, in source file displayf.bdf
    Info (12023): Found entity 1: displayF
Info (12021): Found 1 design units, including 1 entities, in source file displaye.bdf
    Info (12023): Found entity 1: displayE
Info (12021): Found 1 design units, including 1 entities, in source file displayd.bdf
    Info (12023): Found entity 1: displayD
Info (12021): Found 1 design units, including 1 entities, in source file displayc.bdf
    Info (12023): Found entity 1: displayC
Info (12021): Found 1 design units, including 1 entities, in source file displayb.bdf
    Info (12023): Found entity 1: displayB
Info (12021): Found 1 design units, including 1 entities, in source file displaya.bdf
    Info (12023): Found entity 1: displayA
Info (12021): Found 1 design units, including 1 entities, in source file display.bdf
    Info (12023): Found entity 1: DISPLAY
Info (12021): Found 1 design units, including 1 entities, in source file decod4b16b.bdf
    Info (12023): Found entity 1: DECOD4b16b
Info (12021): Found 1 design units, including 1 entities, in source file codula8b3b.bdf
    Info (12023): Found entity 1: CODULA8b3b
Info (12021): Found 1 design units, including 1 entities, in source file bcdconverter.bdf
    Info (12023): Found entity 1: BCDConverter
Info (12021): Found 1 design units, including 1 entities, in source file and8b.bdf
    Info (12023): Found entity 1: AND8b
Info (12021): Found 1 design units, including 1 entities, in source file cont3b.bdf
    Info (12023): Found entity 1: CONT3b
Info (12021): Found 1 design units, including 1 entities, in source file temporizador.bdf
    Info (12023): Found entity 1: TEMPORIZADOR
Info (12021): Found 1 design units, including 1 entities, in source file decod3b8b.bdf
    Info (12023): Found entity 1: DECOD3b8b
Info (12021): Found 1 design units, including 1 entities, in source file pc.bdf
    Info (12023): Found entity 1: PC
Info (12021): Found 1 design units, including 1 entities, in source file backup.bdf
    Info (12023): Found entity 1: backup
Info (12021): Found 1 design units, including 1 entities, in source file block2.bdf
    Info (12023): Found entity 1: Block2
Info (12021): Found 1 design units, including 1 entities, in source file unidade de controle.bdf
    Info (12023): Found entity 1: Unidade de Controle
Info (12021): Found 1 design units, including 1 entities, in source file register1b.bdf
    Info (12023): Found entity 1: register1b
Info (12021): Found 1 design units, including 1 entities, in source file unidadecontrole.bdf
    Info (12023): Found entity 1: UnidadeControle
Info (12021): Found 1 design units, including 1 entities, in source file register8b.bdf
    Info (12023): Found entity 1: register8b
Info (12021): Found 1 design units, including 1 entities, in source file mux3b1b.bdf
    Info (12023): Found entity 1: MUX3b1b
Info (12021): Found 1 design units, including 1 entities, in source file backupn.bdf
    Info (12023): Found entity 1: backupn
Info (12127): Elaborating entity "neander" for the top level hierarchy
Warning (275080): Converted elements in bus name "AC" using legacy naming rules. Make any assignments on the new names, not on the original names.
    Warning (275081): Converted element name(s) from "AC[7..0]" to "AC7..0"
    Warning (275081): Converted element name(s) from "AC[7..0]" to "AC7..0"
    Warning (275081): Converted element name(s) from "AC[7..0]" to "AC7..0"
Warning (275080): Converted elements in bus name "AC0" using legacy naming rules. Make any assignments on the new names, not on the original names.
    Warning (275081): Converted element name(s) from "AC0[6..0]" to "AC06..0"
Warning (275080): Converted elements in bus name "AC1" using legacy naming rules. Make any assignments on the new names, not on the original names.
    Warning (275081): Converted element name(s) from "AC1[6..0]" to "AC16..0"
Warning (275080): Converted elements in bus name "PC" using legacy naming rules. Make any assignments on the new names, not on the original names.
    Warning (275081): Converted element name(s) from "PC[7..0]" to "PC7..0"
    Warning (275081): Converted element name(s) from "PC[7..0]" to "PC7..0"
    Warning (275081): Converted element name(s) from "PC[7..0]" to "PC7..0"
Warning (275080): Converted elements in bus name "PC0" using legacy naming rules. Make any assignments on the new names, not on the original names.
    Warning (275081): Converted element name(s) from "PC0[6..0]" to "PC06..0"
Warning (275080): Converted elements in bus name "PC1" using legacy naming rules. Make any assignments on the new names, not on the original names.
    Warning (275081): Converted element name(s) from "PC1[6..0]" to "PC16..0"
Info (12128): Elaborating entity "UnidadeControle" for hierarchy "UnidadeControle:inst1"
Info (12128): Elaborating entity "UC" for hierarchy "UnidadeControle:inst1|UC:inst2"
Info (12128): Elaborating entity "cargaRI" for hierarchy "UnidadeControle:inst1|UC:inst2|cargaRI:inst6"
Info (12128): Elaborating entity "cargaRDM" for hierarchy "UnidadeControle:inst1|UC:inst2|cargaRDM:inst5"
Info (12128): Elaborating entity "Write" for hierarchy "UnidadeControle:inst1|UC:inst2|Write:inst4"
Info (12128): Elaborating entity "Read" for hierarchy "UnidadeControle:inst1|UC:inst2|Read:inst12"
Info (12128): Elaborating entity "sel" for hierarchy "UnidadeControle:inst1|UC:inst2|sel:inst14"
Info (12128): Elaborating entity "IncrementaPC" for hierarchy "UnidadeControle:inst1|UC:inst2|IncrementaPC:inst11"
Info (12128): Elaborating entity "CargaPC" for hierarchy "UnidadeControle:inst1|UC:inst2|CargaPC:inst9"
Info (12128): Elaborating entity "CargaAC" for hierarchy "UnidadeControle:inst1|UC:inst2|CargaAC:inst8"
Info (12128): Elaborating entity "CargaREM" for hierarchy "UnidadeControle:inst1|UC:inst2|CargaREM:inst10"
Info (12128): Elaborating entity "gotot0" for hierarchy "UnidadeControle:inst1|UC:inst2|gotot0:inst13"
Info (12128): Elaborating entity "UALY" for hierarchy "UnidadeControle:inst1|UC:inst2|UALY:inst"
Info (12128): Elaborating entity "UALADD" for hierarchy "UnidadeControle:inst1|UC:inst2|UALADD:inst26"
Info (12128): Elaborating entity "UALAND" for hierarchy "UnidadeControle:inst1|UC:inst2|UALAND:inst23"
Info (12128): Elaborating entity "UALOR" for hierarchy "UnidadeControle:inst1|UC:inst2|UALOR:inst25"
Info (12128): Elaborating entity "UALNOT" for hierarchy "UnidadeControle:inst1|UC:inst2|UALNOT:inst27"
Info (12128): Elaborating entity "TEMPORIZADOR" for hierarchy "UnidadeControle:inst1|TEMPORIZADOR:inst"
Warning (275080): Converted elements in bus name "T" using legacy naming rules. Make any assignments on the new names, not on the original names.
    Warning (275081): Converted element name(s) from "T[0]" to "T0"
    Warning (275081): Converted element name(s) from "T[1]" to "T1"
    Warning (275081): Converted element name(s) from "T[2]" to "T2"
    Warning (275081): Converted element name(s) from "T[3]" to "T3"
    Warning (275081): Converted element name(s) from "T[4]" to "T4"
    Warning (275081): Converted element name(s) from "T[5]" to "T5"
    Warning (275081): Converted element name(s) from "T[6]" to "T6"
    Warning (275081): Converted element name(s) from "T[7]" to "T7"
    Warning (275081): Converted element name(s) from "T[7..0]" to "T7..0"
Info (12128): Elaborating entity "DECOD3b8b" for hierarchy "UnidadeControle:inst1|TEMPORIZADOR:inst|DECOD3b8b:inst3"
Info (12128): Elaborating entity "CONT3b" for hierarchy "UnidadeControle:inst1|TEMPORIZADOR:inst|CONT3b:inst"
Info (12128): Elaborating entity "MUX2b1b" for hierarchy "UnidadeControle:inst1|TEMPORIZADOR:inst|CONT3b:inst|MUX2b1b:inst"
Info (12128): Elaborating entity "register1b" for hierarchy "register1b:inst20"
Info (12128): Elaborating entity "ULA" for hierarchy "ULA:inst7"
Info (12128): Elaborating entity "zero" for hierarchy "ULA:inst7|zero:inst8"
Info (12128): Elaborating entity "MUX16b8b" for hierarchy "ULA:inst7|MUX16b8b:inst14"
Info (12128): Elaborating entity "RCA8b" for hierarchy "ULA:inst7|RCA8b:inst3"
Info (12128): Elaborating entity "FullAdder" for hierarchy "ULA:inst7|RCA8b:inst3|FullAdder:inst"
Info (12128): Elaborating entity "OR8b" for hierarchy "ULA:inst7|OR8b:inst7"
Info (12128): Elaborating entity "AND8b" for hierarchy "ULA:inst7|AND8b:inst13"
Info (12128): Elaborating entity "NOT8b" for hierarchy "ULA:inst7|NOT8b:inst10"
Info (12128): Elaborating entity "NEG" for hierarchy "ULA:inst7|NEG:inst9"
Info (12128): Elaborating entity "CODULA8b3b" for hierarchy "CODULA8b3b:inst"
Info (12128): Elaborating entity "register8b" for hierarchy "register8b:inst9"
Info (12128): Elaborating entity "runstep" for hierarchy "runstep:inst16"
Info (12128): Elaborating entity "DivClock" for hierarchy "DivClock:divisor"
Info (12128): Elaborating entity "ROM" for hierarchy "ROM:inst13"
Info (12128): Elaborating entity "PC" for hierarchy "PC:inst10"
Info (12128): Elaborating entity "MUX3b1b" for hierarchy "PC:inst10|MUX3b1b:inst"
Info (12128): Elaborating entity "DECOD4b16b" for hierarchy "DECOD4b16b:instdec"
Info (12128): Elaborating entity "BCDConverter" for hierarchy "BCDConverter:inst15"
Info (12128): Elaborating entity "displayA" for hierarchy "BCDConverter:inst15|displayA:inst4"
Info (12128): Elaborating entity "displayB" for hierarchy "BCDConverter:inst15|displayB:inst1"
Info (12128): Elaborating entity "displayC" for hierarchy "BCDConverter:inst15|displayC:inst2"
Info (12128): Elaborating entity "displayD" for hierarchy "BCDConverter:inst15|displayD:inst3"
Info (12128): Elaborating entity "displayE" for hierarchy "BCDConverter:inst15|displayE:inst6"
Info (12128): Elaborating entity "displayF" for hierarchy "BCDConverter:inst15|displayF:inst8"
Info (12128): Elaborating entity "displayG" for hierarchy "BCDConverter:inst15|displayG:inst0"
Warning (19016): Clock multiplexers are found and protected
    Warning (19017): Found clock multiplexer runstep:inst16|MUX2b1b:inst1|inst3~0
Info (19000): Inferred 1 megafunctions from design logic
    Info (276031): Inferred altsyncram megafunction from the following design logic: "ROM:inst13|Mux7_rtl_0"
        Info (286033): Parameter OPERATION_MODE set to ROM
        Info (286033): Parameter WIDTH_A set to 8
        Info (286033): Parameter WIDTHAD_A set to 8
        Info (286033): Parameter NUMWORDS_A set to 256
        Info (286033): Parameter OUTDATA_REG_A set to UNREGISTERED
        Info (286033): Parameter RAM_BLOCK_TYPE set to AUTO
        Info (286033): Parameter INIT_FILE set to Neander.neander0.rtl.mif
Info (12130): Elaborated megafunction instantiation "ROM:inst13|altsyncram:Mux7_rtl_0"
Info (12133): Instantiated megafunction "ROM:inst13|altsyncram:Mux7_rtl_0" with the following parameter:
    Info (12134): Parameter "OPERATION_MODE" = "ROM"
    Info (12134): Parameter "WIDTH_A" = "8"
    Info (12134): Parameter "WIDTHAD_A" = "8"
    Info (12134): Parameter "NUMWORDS_A" = "256"
    Info (12134): Parameter "OUTDATA_REG_A" = "UNREGISTERED"
    Info (12134): Parameter "RAM_BLOCK_TYPE" = "AUTO"
    Info (12134): Parameter "INIT_FILE" = "Neander.neander0.rtl.mif"
Info (12021): Found 1 design units, including 1 entities, in source file db/altsyncram_8hv.tdf
    Info (12023): Found entity 1: altsyncram_8hv
Info (286030): Timing-Driven Synthesis is running
Info (17049): 8 registers lost all their fanouts during netlist optimizations.
Info (16010): Generating hard_block partition "hard_block:auto_generated_inst"
    Info (16011): Adding 0 node(s), including 0 DDIO, 0 PLL, 0 transceiver and 0 LCELL
Info (21057): Implemented 255 device resources after synthesis - the final resource count might be different
    Info (21058): Implemented 4 input pins
    Info (21059): Implemented 31 output pins
    Info (21061): Implemented 212 logic cells
    Info (21064): Implemented 8 RAM segments
Info: Quartus II 64-Bit Analysis & Synthesis was successful. 0 errors, 29 warnings
    Info: Peak virtual memory: 4676 megabytes
    Info: Processing ended: Wed Dec 03 14:01:22 2025
    Info: Elapsed time: 00:00:06
    Info: Total CPU time (on all processors): 00:00:05


