------------------------------------------------------------
TimeQuest Timing Analyzer Summary
------------------------------------------------------------

Type  : Slow 1200mV 85C Model Setup 'rundebug'
Slack : -6.440
TNS   : -235.016

Type  : Slow 1200mV 85C Model Setup 'DivClock:divisor|inst45'
Slack : 0.002
TNS   : 0.000

Type  : Slow 1200mV 85C Model Setup 'DivClock:divisor|inst38'
Slack : 0.009
TNS   : 0.000

Type  : Slow 1200mV 85C Model Setup 'DivClock:divisor|inst29'
Slack : 0.011
TNS   : 0.000

Type  : Slow 1200mV 85C Model Setup 'DivClock:divisor|inst32'
Slack : 0.018
TNS   : 0.000

Type  : Slow 1200mV 85C Model Setup 'DivClock:divisor|inst37'
Slack : 0.021
TNS   : 0.000

Type  : Slow 1200mV 85C Model Setup 'DivClock:divisor|inst18'
Slack : 0.045
TNS   : 0.000

Type  : Slow 1200mV 85C Model Setup 'DivClock:divisor|inst8'
Slack : 0.054
TNS   : 0.000

Type  : Slow 1200mV 85C Model Setup 'DivClock:divisor|inst25'
Slack : 0.099
TNS   : 0.000

Type  : Slow 1200mV 85C Model Setup 'DivClock:divisor|inst31'
Slack : 0.117
TNS   : 0.000

Type  : Slow 1200mV 85C Model Setup 'DivClock:divisor|inst22'
Slack : 0.128
TNS   : 0.000

Type  : Slow 1200mV 85C Model Setup 'clock'
Slack : 0.151
TNS   : 0.000

Type  : Slow 1200mV 85C Model Setup 'DivClock:divisor|inst48'
Slack : 0.176
TNS   : 0.000

Type  : Slow 1200mV 85C Model Setup 'DivClock:divisor|inst5'
Slack : 0.192
TNS   : 0.000

Type  : Slow 1200mV 85C Model Setup 'DivClock:divisor|inst13'
Slack : 0.199
TNS   : 0.000

Type  : Slow 1200mV 85C Model Setup 'DivClock:divisor|inst27'
Slack : 0.205
TNS   : 0.000

Type  : Slow 1200mV 85C Model Setup 'DivClock:divisor|inst40'
Slack : 0.205
TNS   : 0.000

Type  : Slow 1200mV 85C Model Setup 'DivClock:divisor|inst4'
Slack : 0.206
TNS   : 0.000

Type  : Slow 1200mV 85C Model Setup 'DivClock:divisor|inst35'
Slack : 0.207
TNS   : 0.000

Type  : Slow 1200mV 85C Model Setup 'DivClock:divisor|inst10'
Slack : 0.210
TNS   : 0.000

Type  : Slow 1200mV 85C Model Setup 'DivClock:divisor|inst20'
Slack : 0.210
TNS   : 0.000

Type  : Slow 1200mV 85C Model Setup 'DivClock:divisor|inst'
Slack : 0.225
TNS   : 0.000

Type  : Slow 1200mV 85C Model Setup 'DivClock:divisor|inst17'
Slack : 0.279
TNS   : 0.000

Type  : Slow 1200mV 85C Model Setup 'DivClock:divisor|inst46'
Slack : 0.314
TNS   : 0.000

Type  : Slow 1200mV 85C Model Setup 'DivClock:divisor|inst50'
Slack : 0.318
TNS   : 0.000

Type  : Slow 1200mV 85C Model Hold 'DivClock:divisor|inst46'
Slack : -0.103
TNS   : -0.103

Type  : Slow 1200mV 85C Model Hold 'DivClock:divisor|inst17'
Slack : -0.083
TNS   : -0.083

Type  : Slow 1200mV 85C Model Hold 'clock'
Slack : -0.065
TNS   : -0.065

Type  : Slow 1200mV 85C Model Hold 'DivClock:divisor|inst48'
Slack : -0.057
TNS   : -0.057

Type  : Slow 1200mV 85C Model Hold 'DivClock:divisor|inst8'
Slack : -0.047
TNS   : -0.047

Type  : Slow 1200mV 85C Model Hold 'DivClock:divisor|inst5'
Slack : -0.024
TNS   : -0.024

Type  : Slow 1200mV 85C Model Hold 'DivClock:divisor|inst'
Slack : -0.021
TNS   : -0.021

Type  : Slow 1200mV 85C Model Hold 'DivClock:divisor|inst37'
Slack : -0.020
TNS   : -0.020

Type  : Slow 1200mV 85C Model Hold 'DivClock:divisor|inst18'
Slack : 0.011
TNS   : 0.000

Type  : Slow 1200mV 85C Model Hold 'DivClock:divisor|inst22'
Slack : 0.016
TNS   : 0.000

Type  : Slow 1200mV 85C Model Hold 'DivClock:divisor|inst10'
Slack : 0.018
TNS   : 0.000

Type  : Slow 1200mV 85C Model Hold 'DivClock:divisor|inst20'
Slack : 0.018
TNS   : 0.000

Type  : Slow 1200mV 85C Model Hold 'DivClock:divisor|inst35'
Slack : 0.021
TNS   : 0.000

Type  : Slow 1200mV 85C Model Hold 'DivClock:divisor|inst27'
Slack : 0.022
TNS   : 0.000

Type  : Slow 1200mV 85C Model Hold 'DivClock:divisor|inst4'
Slack : 0.022
TNS   : 0.000

Type  : Slow 1200mV 85C Model Hold 'DivClock:divisor|inst40'
Slack : 0.023
TNS   : 0.000

Type  : Slow 1200mV 85C Model Hold 'DivClock:divisor|inst25'
Slack : 0.026
TNS   : 0.000

Type  : Slow 1200mV 85C Model Hold 'DivClock:divisor|inst13'
Slack : 0.029
TNS   : 0.000

Type  : Slow 1200mV 85C Model Hold 'DivClock:divisor|inst38'
Slack : 0.039
TNS   : 0.000

Type  : Slow 1200mV 85C Model Hold 'DivClock:divisor|inst29'
Slack : 0.050
TNS   : 0.000

Type  : Slow 1200mV 85C Model Hold 'DivClock:divisor|inst31'
Slack : 0.055
TNS   : 0.000

Type  : Slow 1200mV 85C Model Hold 'DivClock:divisor|inst45'
Slack : 0.061
TNS   : 0.000

Type  : Slow 1200mV 85C Model Hold 'DivClock:divisor|inst32'
Slack : 0.084
TNS   : 0.000

Type  : Slow 1200mV 85C Model Hold 'rundebug'
Slack : 0.299
TNS   : 0.000

Type  : Slow 1200mV 85C Model Hold 'DivClock:divisor|inst50'
Slack : 0.385
TNS   : 0.000

Type  : Slow 1200mV 85C Model Recovery 'rundebug'
Slack : -0.836
TNS   : -2.508

Type  : Slow 1200mV 85C Model Removal 'rundebug'
Slack : 1.167
TNS   : 0.000

Type  : Slow 1200mV 85C Model Minimum Pulse Width 'rundebug'
Slack : -3.000
TNS   : -63.174

Type  : Slow 1200mV 85C Model Minimum Pulse Width 'clock'
Slack : -3.000
TNS   : -4.000

Type  : Slow 1200mV 85C Model Minimum Pulse Width 'DivClock:divisor|inst'
Slack : -1.000
TNS   : -1.000

Type  : Slow 1200mV 85C Model Minimum Pulse Width 'DivClock:divisor|inst10'
Slack : -1.000
TNS   : -1.000

Type  : Slow 1200mV 85C Model Minimum Pulse Width 'DivClock:divisor|inst13'
Slack : -1.000
TNS   : -1.000

Type  : Slow 1200mV 85C Model Minimum Pulse Width 'DivClock:divisor|inst17'
Slack : -1.000
TNS   : -1.000

Type  : Slow 1200mV 85C Model Minimum Pulse Width 'DivClock:divisor|inst18'
Slack : -1.000
TNS   : -1.000

Type  : Slow 1200mV 85C Model Minimum Pulse Width 'DivClock:divisor|inst20'
Slack : -1.000
TNS   : -1.000

Type  : Slow 1200mV 85C Model Minimum Pulse Width 'DivClock:divisor|inst22'
Slack : -1.000
TNS   : -1.000

Type  : Slow 1200mV 85C Model Minimum Pulse Width 'DivClock:divisor|inst25'
Slack : -1.000
TNS   : -1.000

Type  : Slow 1200mV 85C Model Minimum Pulse Width 'DivClock:divisor|inst27'
Slack : -1.000
TNS   : -1.000

Type  : Slow 1200mV 85C Model Minimum Pulse Width 'DivClock:divisor|inst29'
Slack : -1.000
TNS   : -1.000

Type  : Slow 1200mV 85C Model Minimum Pulse Width 'DivClock:divisor|inst31'
Slack : -1.000
TNS   : -1.000

Type  : Slow 1200mV 85C Model Minimum Pulse Width 'DivClock:divisor|inst32'
Slack : -1.000
TNS   : -1.000

Type  : Slow 1200mV 85C Model Minimum Pulse Width 'DivClock:divisor|inst35'
Slack : -1.000
TNS   : -1.000

Type  : Slow 1200mV 85C Model Minimum Pulse Width 'DivClock:divisor|inst37'
Slack : -1.000
TNS   : -1.000

Type  : Slow 1200mV 85C Model Minimum Pulse Width 'DivClock:divisor|inst38'
Slack : -1.000
TNS   : -1.000

Type  : Slow 1200mV 85C Model Minimum Pulse Width 'DivClock:divisor|inst4'
Slack : -1.000
TNS   : -1.000

Type  : Slow 1200mV 85C Model Minimum Pulse Width 'DivClock:divisor|inst40'
Slack : -1.000
TNS   : -1.000

Type  : Slow 1200mV 85C Model Minimum Pulse Width 'DivClock:divisor|inst45'
Slack : -1.000
TNS   : -1.000

Type  : Slow 1200mV 85C Model Minimum Pulse Width 'DivClock:divisor|inst46'
Slack : -1.000
TNS   : -1.000

Type  : Slow 1200mV 85C Model Minimum Pulse Width 'DivClock:divisor|inst48'
Slack : -1.000
TNS   : -1.000

Type  : Slow 1200mV 85C Model Minimum Pulse Width 'DivClock:divisor|inst5'
Slack : -1.000
TNS   : -1.000

Type  : Slow 1200mV 85C Model Minimum Pulse Width 'DivClock:divisor|inst50'
Slack : -1.000
TNS   : -1.000

Type  : Slow 1200mV 85C Model Minimum Pulse Width 'DivClock:divisor|inst8'
Slack : -1.000
TNS   : -1.000

Type  : Slow 1200mV 0C Model Setup 'rundebug'
Slack : -5.669
TNS   : -206.693

Type  : Slow 1200mV 0C Model Setup 'DivClock:divisor|inst32'
Slack : 0.072
TNS   : 0.000

Type  : Slow 1200mV 0C Model Setup 'DivClock:divisor|inst45'
Slack : 0.072
TNS   : 0.000

Type  : Slow 1200mV 0C Model Setup 'DivClock:divisor|inst29'
Slack : 0.077
TNS   : 0.000

Type  : Slow 1200mV 0C Model Setup 'DivClock:divisor|inst38'
Slack : 0.079
TNS   : 0.000

Type  : Slow 1200mV 0C Model Setup 'DivClock:divisor|inst18'
Slack : 0.104
TNS   : 0.000

Type  : Slow 1200mV 0C Model Setup 'DivClock:divisor|inst37'
Slack : 0.110
TNS   : 0.000

Type  : Slow 1200mV 0C Model Setup 'DivClock:divisor|inst8'
Slack : 0.152
TNS   : 0.000

Type  : Slow 1200mV 0C Model Setup 'DivClock:divisor|inst31'
Slack : 0.154
TNS   : 0.000

Type  : Slow 1200mV 0C Model Setup 'DivClock:divisor|inst25'
Slack : 0.158
TNS   : 0.000

Type  : Slow 1200mV 0C Model Setup 'DivClock:divisor|inst22'
Slack : 0.180
TNS   : 0.000

Type  : Slow 1200mV 0C Model Setup 'DivClock:divisor|inst13'
Slack : 0.233
TNS   : 0.000

Type  : Slow 1200mV 0C Model Setup 'DivClock:divisor|inst48'
Slack : 0.234
TNS   : 0.000

Type  : Slow 1200mV 0C Model Setup 'DivClock:divisor|inst5'
Slack : 0.236
TNS   : 0.000

Type  : Slow 1200mV 0C Model Setup 'DivClock:divisor|inst40'
Slack : 0.237
TNS   : 0.000

Type  : Slow 1200mV 0C Model Setup 'DivClock:divisor|inst27'
Slack : 0.238
TNS   : 0.000

Type  : Slow 1200mV 0C Model Setup 'DivClock:divisor|inst4'
Slack : 0.238
TNS   : 0.000

Type  : Slow 1200mV 0C Model Setup 'DivClock:divisor|inst35'
Slack : 0.239
TNS   : 0.000

Type  : Slow 1200mV 0C Model Setup 'DivClock:divisor|inst10'
Slack : 0.243
TNS   : 0.000

Type  : Slow 1200mV 0C Model Setup 'DivClock:divisor|inst20'
Slack : 0.243
TNS   : 0.000

Type  : Slow 1200mV 0C Model Setup 'clock'
Slack : 0.246
TNS   : 0.000

Type  : Slow 1200mV 0C Model Setup 'DivClock:divisor|inst'
Slack : 0.264
TNS   : 0.000

Type  : Slow 1200mV 0C Model Setup 'DivClock:divisor|inst17'
Slack : 0.313
TNS   : 0.000

Type  : Slow 1200mV 0C Model Setup 'DivClock:divisor|inst46'
Slack : 0.346
TNS   : 0.000

Type  : Slow 1200mV 0C Model Setup 'DivClock:divisor|inst50'
Slack : 0.398
TNS   : 0.000

Type  : Slow 1200mV 0C Model Hold 'clock'
Slack : -0.132
TNS   : -0.132

Type  : Slow 1200mV 0C Model Hold 'DivClock:divisor|inst46'
Slack : -0.114
TNS   : -0.114

Type  : Slow 1200mV 0C Model Hold 'DivClock:divisor|inst8'
Slack : -0.096
TNS   : -0.096

Type  : Slow 1200mV 0C Model Hold 'DivClock:divisor|inst17'
Slack : -0.089
TNS   : -0.089

Type  : Slow 1200mV 0C Model Hold 'DivClock:divisor|inst48'
Slack : -0.070
TNS   : -0.070

Type  : Slow 1200mV 0C Model Hold 'DivClock:divisor|inst37'
Slack : -0.049
TNS   : -0.049

Type  : Slow 1200mV 0C Model Hold 'DivClock:divisor|inst5'
Slack : -0.046
TNS   : -0.046

Type  : Slow 1200mV 0C Model Hold 'DivClock:divisor|inst'
Slack : -0.038
TNS   : -0.038

Type  : Slow 1200mV 0C Model Hold 'DivClock:divisor|inst18'
Slack : -0.010
TNS   : -0.010

Type  : Slow 1200mV 0C Model Hold 'DivClock:divisor|inst25'
Slack : 0.002
TNS   : 0.000

Type  : Slow 1200mV 0C Model Hold 'DivClock:divisor|inst22'
Slack : 0.004
TNS   : 0.000

Type  : Slow 1200mV 0C Model Hold 'DivClock:divisor|inst10'
Slack : 0.006
TNS   : 0.000

Type  : Slow 1200mV 0C Model Hold 'DivClock:divisor|inst20'
Slack : 0.006
TNS   : 0.000

Type  : Slow 1200mV 0C Model Hold 'DivClock:divisor|inst35'
Slack : 0.010
TNS   : 0.000

Type  : Slow 1200mV 0C Model Hold 'DivClock:divisor|inst4'
Slack : 0.010
TNS   : 0.000

Type  : Slow 1200mV 0C Model Hold 'DivClock:divisor|inst27'
Slack : 0.011
TNS   : 0.000

Type  : Slow 1200mV 0C Model Hold 'DivClock:divisor|inst40'
Slack : 0.011
TNS   : 0.000

Type  : Slow 1200mV 0C Model Hold 'DivClock:divisor|inst38'
Slack : 0.014
TNS   : 0.000

Type  : Slow 1200mV 0C Model Hold 'DivClock:divisor|inst13'
Slack : 0.016
TNS   : 0.000

Type  : Slow 1200mV 0C Model Hold 'DivClock:divisor|inst29'
Slack : 0.023
TNS   : 0.000

Type  : Slow 1200mV 0C Model Hold 'DivClock:divisor|inst45'
Slack : 0.030
TNS   : 0.000

Type  : Slow 1200mV 0C Model Hold 'DivClock:divisor|inst31'
Slack : 0.046
TNS   : 0.000

Type  : Slow 1200mV 0C Model Hold 'DivClock:divisor|inst32'
Slack : 0.060
TNS   : 0.000

Type  : Slow 1200mV 0C Model Hold 'rundebug'
Slack : 0.287
TNS   : 0.000

Type  : Slow 1200mV 0C Model Hold 'DivClock:divisor|inst50'
Slack : 0.341
TNS   : 0.000

Type  : Slow 1200mV 0C Model Recovery 'rundebug'
Slack : -0.642
TNS   : -1.926

Type  : Slow 1200mV 0C Model Removal 'rundebug'
Slack : 1.048
TNS   : 0.000

Type  : Slow 1200mV 0C Model Minimum Pulse Width 'rundebug'
Slack : -3.000
TNS   : -63.174

Type  : Slow 1200mV 0C Model Minimum Pulse Width 'clock'
Slack : -3.000
TNS   : -4.000

Type  : Slow 1200mV 0C Model Minimum Pulse Width 'DivClock:divisor|inst'
Slack : -1.000
TNS   : -1.000

Type  : Slow 1200mV 0C Model Minimum Pulse Width 'DivClock:divisor|inst10'
Slack : -1.000
TNS   : -1.000

Type  : Slow 1200mV 0C Model Minimum Pulse Width 'DivClock:divisor|inst13'
Slack : -1.000
TNS   : -1.000

Type  : Slow 1200mV 0C Model Minimum Pulse Width 'DivClock:divisor|inst17'
Slack : -1.000
TNS   : -1.000

Type  : Slow 1200mV 0C Model Minimum Pulse Width 'DivClock:divisor|inst18'
Slack : -1.000
TNS   : -1.000

Type  : Slow 1200mV 0C Model Minimum Pulse Width 'DivClock:divisor|inst20'
Slack : -1.000
TNS   : -1.000

Type  : Slow 1200mV 0C Model Minimum Pulse Width 'DivClock:divisor|inst22'
Slack : -1.000
TNS   : -1.000

Type  : Slow 1200mV 0C Model Minimum Pulse Width 'DivClock:divisor|inst25'
Slack : -1.000
TNS   : -1.000

Type  : Slow 1200mV 0C Model Minimum Pulse Width 'DivClock:divisor|inst27'
Slack : -1.000
TNS   : -1.000

Type  : Slow 1200mV 0C Model Minimum Pulse Width 'DivClock:divisor|inst29'
Slack : -1.000
TNS   : -1.000

Type  : Slow 1200mV 0C Model Minimum Pulse Width 'DivClock:divisor|inst31'
Slack : -1.000
TNS   : -1.000

Type  : Slow 1200mV 0C Model Minimum Pulse Width 'DivClock:divisor|inst32'
Slack : -1.000
TNS   : -1.000

Type  : Slow 1200mV 0C Model Minimum Pulse Width 'DivClock:divisor|inst35'
Slack : -1.000
TNS   : -1.000

Type  : Slow 1200mV 0C Model Minimum Pulse Width 'DivClock:divisor|inst37'
Slack : -1.000
TNS   : -1.000

Type  : Slow 1200mV 0C Model Minimum Pulse Width 'DivClock:divisor|inst38'
Slack : -1.000
TNS   : -1.000

Type  : Slow 1200mV 0C Model Minimum Pulse Width 'DivClock:divisor|inst4'
Slack : -1.000
TNS   : -1.000

Type  : Slow 1200mV 0C Model Minimum Pulse Width 'DivClock:divisor|inst40'
Slack : -1.000
TNS   : -1.000

Type  : Slow 1200mV 0C Model Minimum Pulse Width 'DivClock:divisor|inst45'
Slack : -1.000
TNS   : -1.000

Type  : Slow 1200mV 0C Model Minimum Pulse Width 'DivClock:divisor|inst46'
Slack : -1.000
TNS   : -1.000

Type  : Slow 1200mV 0C Model Minimum Pulse Width 'DivClock:divisor|inst48'
Slack : -1.000
TNS   : -1.000

Type  : Slow 1200mV 0C Model Minimum Pulse Width 'DivClock:divisor|inst5'
Slack : -1.000
TNS   : -1.000

Type  : Slow 1200mV 0C Model Minimum Pulse Width 'DivClock:divisor|inst50'
Slack : -1.000
TNS   : -1.000

Type  : Slow 1200mV 0C Model Minimum Pulse Width 'DivClock:divisor|inst8'
Slack : -1.000
TNS   : -1.000

Type  : Fast 1200mV 0C Model Setup 'rundebug'
Slack : -2.927
TNS   : -98.603

Type  : Fast 1200mV 0C Model Setup 'DivClock:divisor|inst45'
Slack : 0.224
TNS   : 0.000

Type  : Fast 1200mV 0C Model Setup 'DivClock:divisor|inst29'
Slack : 0.230
TNS   : 0.000

Type  : Fast 1200mV 0C Model Setup 'DivClock:divisor|inst38'
Slack : 0.236
TNS   : 0.000

Type  : Fast 1200mV 0C Model Setup 'DivClock:divisor|inst18'
Slack : 0.243
TNS   : 0.000

Type  : Fast 1200mV 0C Model Setup 'DivClock:divisor|inst32'
Slack : 0.250
TNS   : 0.000

Type  : Fast 1200mV 0C Model Setup 'DivClock:divisor|inst37'
Slack : 0.254
TNS   : 0.000

Type  : Fast 1200mV 0C Model Setup 'DivClock:divisor|inst25'
Slack : 0.291
TNS   : 0.000

Type  : Fast 1200mV 0C Model Setup 'DivClock:divisor|inst22'
Slack : 0.292
TNS   : 0.000

Type  : Fast 1200mV 0C Model Setup 'DivClock:divisor|inst8'
Slack : 0.305
TNS   : 0.000

Type  : Fast 1200mV 0C Model Setup 'DivClock:divisor|inst31'
Slack : 0.306
TNS   : 0.000

Type  : Fast 1200mV 0C Model Setup 'DivClock:divisor|inst48'
Slack : 0.330
TNS   : 0.000

Type  : Fast 1200mV 0C Model Setup 'clock'
Slack : 0.330
TNS   : 0.000

Type  : Fast 1200mV 0C Model Setup 'DivClock:divisor|inst5'
Slack : 0.346
TNS   : 0.000

Type  : Fast 1200mV 0C Model Setup 'DivClock:divisor|inst40'
Slack : 0.360
TNS   : 0.000

Type  : Fast 1200mV 0C Model Setup 'DivClock:divisor|inst13'
Slack : 0.362
TNS   : 0.000

Type  : Fast 1200mV 0C Model Setup 'DivClock:divisor|inst27'
Slack : 0.362
TNS   : 0.000

Type  : Fast 1200mV 0C Model Setup 'DivClock:divisor|inst'
Slack : 0.363
TNS   : 0.000

Type  : Fast 1200mV 0C Model Setup 'DivClock:divisor|inst35'
Slack : 0.363
TNS   : 0.000

Type  : Fast 1200mV 0C Model Setup 'DivClock:divisor|inst4'
Slack : 0.363
TNS   : 0.000

Type  : Fast 1200mV 0C Model Setup 'DivClock:divisor|inst20'
Slack : 0.366
TNS   : 0.000

Type  : Fast 1200mV 0C Model Setup 'DivClock:divisor|inst10'
Slack : 0.368
TNS   : 0.000

Type  : Fast 1200mV 0C Model Setup 'DivClock:divisor|inst17'
Slack : 0.393
TNS   : 0.000

Type  : Fast 1200mV 0C Model Setup 'DivClock:divisor|inst46'
Slack : 0.426
TNS   : 0.000

Type  : Fast 1200mV 0C Model Setup 'DivClock:divisor|inst50'
Slack : 0.626
TNS   : 0.000

Type  : Fast 1200mV 0C Model Hold 'DivClock:divisor|inst46'
Slack : -0.080
TNS   : -0.080

Type  : Fast 1200mV 0C Model Hold 'DivClock:divisor|inst8'
Slack : -0.078
TNS   : -0.078

Type  : Fast 1200mV 0C Model Hold 'clock'
Slack : -0.073
TNS   : -0.073

Type  : Fast 1200mV 0C Model Hold 'DivClock:divisor|inst48'
Slack : -0.048
TNS   : -0.048

Type  : Fast 1200mV 0C Model Hold 'DivClock:divisor|inst17'
Slack : -0.046
TNS   : -0.046

Type  : Fast 1200mV 0C Model Hold 'DivClock:divisor|inst37'
Slack : -0.035
TNS   : -0.035

Type  : Fast 1200mV 0C Model Hold 'DivClock:divisor|inst5'
Slack : -0.023
TNS   : -0.023

Type  : Fast 1200mV 0C Model Hold 'DivClock:divisor|inst'
Slack : -0.014
TNS   : -0.014

Type  : Fast 1200mV 0C Model Hold 'DivClock:divisor|inst10'
Slack : -0.013
TNS   : -0.013

Type  : Fast 1200mV 0C Model Hold 'DivClock:divisor|inst20'
Slack : -0.011
TNS   : -0.011

Type  : Fast 1200mV 0C Model Hold 'DivClock:divisor|inst35'
Slack : -0.007
TNS   : -0.007

Type  : Fast 1200mV 0C Model Hold 'DivClock:divisor|inst13'
Slack : -0.006
TNS   : -0.006

Type  : Fast 1200mV 0C Model Hold 'DivClock:divisor|inst27'
Slack : -0.006
TNS   : -0.006

Type  : Fast 1200mV 0C Model Hold 'DivClock:divisor|inst4'
Slack : -0.006
TNS   : -0.006

Type  : Fast 1200mV 0C Model Hold 'DivClock:divisor|inst40'
Slack : -0.006
TNS   : -0.006

Type  : Fast 1200mV 0C Model Hold 'DivClock:divisor|inst25'
Slack : 0.003
TNS   : 0.000

Type  : Fast 1200mV 0C Model Hold 'DivClock:divisor|inst22'
Slack : 0.009
TNS   : 0.000

Type  : Fast 1200mV 0C Model Hold 'DivClock:divisor|inst18'
Slack : 0.010
TNS   : 0.000

Type  : Fast 1200mV 0C Model Hold 'DivClock:divisor|inst38'
Slack : 0.017
TNS   : 0.000

Type  : Fast 1200mV 0C Model Hold 'DivClock:divisor|inst29'
Slack : 0.028
TNS   : 0.000

Type  : Fast 1200mV 0C Model Hold 'DivClock:divisor|inst31'
Slack : 0.029
TNS   : 0.000

Type  : Fast 1200mV 0C Model Hold 'DivClock:divisor|inst45'
Slack : 0.036
TNS   : 0.000

Type  : Fast 1200mV 0C Model Hold 'DivClock:divisor|inst32'
Slack : 0.043
TNS   : 0.000

Type  : Fast 1200mV 0C Model Hold 'rundebug'
Slack : 0.147
TNS   : 0.000

Type  : Fast 1200mV 0C Model Hold 'DivClock:divisor|inst50'
Slack : 0.208
TNS   : 0.000

Type  : Fast 1200mV 0C Model Recovery 'rundebug'
Slack : -0.036
TNS   : -0.108

Type  : Fast 1200mV 0C Model Removal 'rundebug'
Slack : 0.644
TNS   : 0.000

Type  : Fast 1200mV 0C Model Minimum Pulse Width 'rundebug'
Slack : -3.000
TNS   : -74.545

Type  : Fast 1200mV 0C Model Minimum Pulse Width 'clock'
Slack : -3.000
TNS   : -4.044

Type  : Fast 1200mV 0C Model Minimum Pulse Width 'DivClock:divisor|inst'
Slack : -1.000
TNS   : -1.000

Type  : Fast 1200mV 0C Model Minimum Pulse Width 'DivClock:divisor|inst10'
Slack : -1.000
TNS   : -1.000

Type  : Fast 1200mV 0C Model Minimum Pulse Width 'DivClock:divisor|inst13'
Slack : -1.000
TNS   : -1.000

Type  : Fast 1200mV 0C Model Minimum Pulse Width 'DivClock:divisor|inst17'
Slack : -1.000
TNS   : -1.000

Type  : Fast 1200mV 0C Model Minimum Pulse Width 'DivClock:divisor|inst18'
Slack : -1.000
TNS   : -1.000

Type  : Fast 1200mV 0C Model Minimum Pulse Width 'DivClock:divisor|inst20'
Slack : -1.000
TNS   : -1.000

Type  : Fast 1200mV 0C Model Minimum Pulse Width 'DivClock:divisor|inst22'
Slack : -1.000
TNS   : -1.000

Type  : Fast 1200mV 0C Model Minimum Pulse Width 'DivClock:divisor|inst25'
Slack : -1.000
TNS   : -1.000

Type  : Fast 1200mV 0C Model Minimum Pulse Width 'DivClock:divisor|inst27'
Slack : -1.000
TNS   : -1.000

Type  : Fast 1200mV 0C Model Minimum Pulse Width 'DivClock:divisor|inst29'
Slack : -1.000
TNS   : -1.000

Type  : Fast 1200mV 0C Model Minimum Pulse Width 'DivClock:divisor|inst31'
Slack : -1.000
TNS   : -1.000

Type  : Fast 1200mV 0C Model Minimum Pulse Width 'DivClock:divisor|inst32'
Slack : -1.000
TNS   : -1.000

Type  : Fast 1200mV 0C Model Minimum Pulse Width 'DivClock:divisor|inst35'
Slack : -1.000
TNS   : -1.000

Type  : Fast 1200mV 0C Model Minimum Pulse Width 'DivClock:divisor|inst37'
Slack : -1.000
TNS   : -1.000

Type  : Fast 1200mV 0C Model Minimum Pulse Width 'DivClock:divisor|inst38'
Slack : -1.000
TNS   : -1.000

Type  : Fast 1200mV 0C Model Minimum Pulse Width 'DivClock:divisor|inst4'
Slack : -1.000
TNS   : -1.000

Type  : Fast 1200mV 0C Model Minimum Pulse Width 'DivClock:divisor|inst40'
Slack : -1.000
TNS   : -1.000

Type  : Fast 1200mV 0C Model Minimum Pulse Width 'DivClock:divisor|inst45'
Slack : -1.000
TNS   : -1.000

Type  : Fast 1200mV 0C Model Minimum Pulse Width 'DivClock:divisor|inst46'
Slack : -1.000
TNS   : -1.000

Type  : Fast 1200mV 0C Model Minimum Pulse Width 'DivClock:divisor|inst48'
Slack : -1.000
TNS   : -1.000

Type  : Fast 1200mV 0C Model Minimum Pulse Width 'DivClock:divisor|inst5'
Slack : -1.000
TNS   : -1.000

Type  : Fast 1200mV 0C Model Minimum Pulse Width 'DivClock:divisor|inst50'
Slack : -1.000
TNS   : -1.000

Type  : Fast 1200mV 0C Model Minimum Pulse Width 'DivClock:divisor|inst8'
Slack : -1.000
TNS   : -1.000

------------------------------------------------------------
